ARM Linker, 5.03 [Build 76] [MDK-ARM Standard]

==============================================================================

Section Cross References

    main.o(.text) refers to _printf_percent.o(.ARM.Collect$$_printf_percent$$00000000) for _printf_percent
    main.o(.text) refers to _printf_d.o(.ARM.Collect$$_printf_percent$$00000009) for _printf_d
    main.o(.text) refers to _printf_dec.o(.text) for _printf_int_dec
    main.o(.text) refers to noretval__2printf.o(.text) for __2printf
    main.o(.text) refers to tasks.o(.text) for vTaskDelay
    main.o(.text) refers to hw_config.o(.text) for Joystick_Send
    main.o(.text) refers to stm32f10x_gpio.o(.text) for GPIO_WriteBit
    main.o(.text) refers to usb_init.o(.text) for USB_Init
    main.o(.text) refers to app.o(.text) for NVIC_Config
    main.o(.text) refers to usart.o(.text) for Usart_Configuration
    main.o(.text) refers to stm32f10x_rcc.o(.text) for RCC_APB2PeriphClockCmd
    main.o(.text) refers to app.o(.bss) for ADCConvertedValue
    main.o(.text) refers to main.o(.data) for ADC_MID
    stm32f10x_it.o(.text) refers to usb_istr.o(.text) for USB_Istr
    stm32f10x_it.o(.text) refers to stm32f10x_exti.o(.text) for EXTI_GetITStatus
    stm32f10x_it.o(.text) refers to usb_pwr.o(.text) for Resume
    stm32f10x_it.o(.text) refers to stm32f10x_dma.o(.text) for DMA_GetITStatus
    stm32f10x_it.o(.text) refers to usb_init.o(.data) for pInformation
    usart.o(.text) refers (Special) to use_no_semi_2.o(.text) for __use_no_semihosting
    usart.o(.text) refers to strlen.o(.text) for strlen
    usart.o(.text) refers to stm32f10x_rcc.o(.text) for RCC_APB2PeriphClockCmd
    usart.o(.text) refers to stm32f10x_gpio.o(.text) for GPIO_Init
    usart.o(.text) refers to stm32f10x_usart.o(.text) for USART_ClockInit
    usart.o(.data) refers (Special) to use_no_semi_2.o(.text) for __use_no_semihosting
    app.o(.text) refers to stm32f10x_rcc.o(.text) for RCC_AHBPeriphClockCmd
    app.o(.text) refers to stm32f10x_gpio.o(.text) for GPIO_Init
    app.o(.text) refers to stm32f10x_dma.o(.text) for DMA_DeInit
    app.o(.text) refers to stm32f10x_adc.o(.text) for ADC_Init
    app.o(.text) refers to misc.o(.text) for NVIC_PriorityGroupConfig
    app.o(.text) refers to delay.o(.text) for delay_init
    app.o(.text) refers to usart.o(.text) for Usart_Configuration
    app.o(.text) refers to app.o(.bss) for ADCConvertedValue
    delay.o(.text) refers to delay.o(.data) for fac_us
    stm32f10x_gpio.o(.text) refers to stm32f10x_rcc.o(.text) for RCC_APB2PeriphResetCmd
    stm32f10x_rcc.o(.text) refers to stm32f10x_rcc.o(.data) for APBAHBPrescTable
    stm32f10x_tim.o(.text) refers to stm32f10x_rcc.o(.text) for RCC_APB2PeriphResetCmd
    stm32f10x_pwr.o(.text) refers to stm32f10x_rcc.o(.text) for RCC_APB1PeriphResetCmd
    stm32f10x_adc.o(.text) refers to stm32f10x_rcc.o(.text) for RCC_APB2PeriphResetCmd
    stm32f10x_usart.o(.text) refers to stm32f10x_rcc.o(.text) for RCC_APB2PeriphResetCmd
    startup_stm32f10x_hd.o(STACK) refers (Special) to heapauxi.o(.text) for __use_two_region_memory
    startup_stm32f10x_hd.o(HEAP) refers (Special) to heapauxi.o(.text) for __use_two_region_memory
    startup_stm32f10x_hd.o(RESET) refers (Special) to heapauxi.o(.text) for __use_two_region_memory
    startup_stm32f10x_hd.o(RESET) refers to startup_stm32f10x_hd.o(.text) for Reset_Handler
    startup_stm32f10x_hd.o(RESET) refers to stm32f10x_it.o(.text) for NMI_Handler
    startup_stm32f10x_hd.o(RESET) refers to port.o(.emb_text) for vPortSVCHandler
    startup_stm32f10x_hd.o(RESET) refers to port.o(.text) for xPortSysTickHandler
    startup_stm32f10x_hd.o(.text) refers (Special) to heapauxi.o(.text) for __use_two_region_memory
    startup_stm32f10x_hd.o(.text) refers to startup_stm32f10x_hd.o(STACK) for __initial_sp
    startup_stm32f10x_hd.o(.text) refers to __main.o(!!!main) for __main
    startup_stm32f10x_hd.o(.text) refers to startup_stm32f10x_hd.o(HEAP) for Heap_Mem
    queue.o(.text) refers to port.o(.text) for vPortEnterCritical
    queue.o(.text) refers to tasks.o(.text) for xTaskRemoveFromEventList
    queue.o(.text) refers to list.o(.text) for vListInitialise
    queue.o(.text) refers to heap_2.o(.text) for pvPortMalloc
    queue.o(.text) refers to rt_memcpy_v6.o(.text) for __aeabi_memcpy
    queue.o(.text) refers to port.o(.emb_text) for ulPortSetInterruptMask
    tasks.o(.text) refers to list.o(.text) for vListInitialise
    tasks.o(.text) refers to heap_2.o(.text) for pvPortMalloc
    tasks.o(.text) refers to port.o(.text) for pxPortInitialiseStack
    tasks.o(.text) refers to tasks.o(.bss) for pxReadyTasksLists
    tasks.o(.text) refers to tasks.o(.data) for pxDelayedTaskList
    tasks.o(.text) refers to port.o(.emb_text) for ulPortSetInterruptMask
    port.o(.emb_text) refers to tasks.o(.text) for vTaskSwitchContext
    port.o(.emb_text) refers to tasks.o(.data) for pxCurrentTCB
    port.o(.text) refers to port.o(.emb_text) for ulPortSetInterruptMask
[...]
    ../clib/signal.c                         0x00000000   Number         0  defsig_general.o ABSOLUTE
    ../clib/signal.c                         0x00000000   Number         0  __raise.o ABSOLUTE
    ../clib/signal.c                         0x00000000   Number         0  defsig_exit.o ABSOLUTE
    ../clib/signal.c                         0x00000000   Number         0  defsig_rtmem_outer.o ABSOLUTE
    ../clib/signal.c                         0x00000000   Number         0  defsig_rtmem_formal.o ABSOLUTE
    ../clib/signal.s                         0x00000000   Number         0  defsig.o ABSOLUTE
    ../clib/stdio.c                          0x00000000   Number         0  ferror_locked.o ABSOLUTE
    ../clib/stdio.c                          0x00000000   Number         0  ferror.o ABSOLUTE
    ../clib/stdlib.c                         0x00000000   Number         0  exit.o ABSOLUTE
    ../clib/string.c                         0x00000000   Number         0  strlen.o ABSOLUTE
    ../fplib/fpinit.s                        0x00000000   Number         0  fpinit.o ABSOLUTE
    ..\Libraries\CMSIS\Core\CM3\core_cm3.c   0x00000000   Number         0  core_cm3.o ABSOLUTE
    ..\Libraries\CMSIS\Core\CM3\startup\arm\startup_stm32f10x_hd.s 0x00000000   Number         0  startup_stm32f10x_hd.o ABSOLUTE
    ..\Libraries\CMSIS\Core\CM3\system_stm32f10x.c 0x00000000   Number         0  system_stm32f10x.o ABSOLUTE
    ..\Libraries\STM32F10x_StdPeriph_Driver\src\misc.c 0x00000000   Number         0  misc.o ABSOLUTE
    ..\Libraries\STM32F10x_StdPeriph_Driver\src\stm32f10x_adc.c 0x00000000   Number         0  stm32f10x_adc.o ABSOLUTE
    ..\Libraries\STM32F10x_StdPeriph_Driver\src\stm32f10x_dma.c 0x00000000   Number         0  stm32f10x_dma.o ABSOLUTE
    ..\Libraries\STM32F10x_StdPeriph_Driver\src\stm32f10x_exti.c 0x00000000   Number         0  stm32f10x_exti.o ABSOLUTE
    ..\Libraries\STM32F10x_StdPeriph_Driver\src\stm32f10x_gpio.c 0x00000000   Number         0  stm32f10x_gpio.o ABSOLUTE
    ..\Libraries\STM32F10x_StdPeriph_Driver\src\stm32f10x_pwr.c 0x00000000   Number         0  stm32f10x_pwr.o ABSOLUTE
    ..\Libraries\STM32F10x_StdPeriph_Driver\src\stm32f10x_rcc.c 0x00000000   Number         0  stm32f10x_rcc.o ABSOLUTE
    ..\Libraries\STM32F10x_StdPeriph_Driver\src\stm32f10x_tim.c 0x00000000   Number         0  stm32f10x_tim.o ABSOLUTE
    ..\Libraries\STM32F10x_StdPeriph_Driver\src\stm32f10x_usart.c 0x00000000   Number         0  stm32f10x_usart.o ABSOLUTE
    ..\Libraries\STM32_USB-FS-Device_Driver\src\usb_core.c 0x00000000   Number         0  usb_core.o ABSOLUTE
    ..\Libraries\STM32_USB-FS-Device_Driver\src\usb_init.c 0x00000000   Number         0  usb_init.o ABSOLUTE
    ..\Libraries\STM32_USB-FS-Device_Driver\src\usb_int.c 0x00000000   Number         0  usb_int.o ABSOLUTE
    ..\Libraries\STM32_USB-FS-Device_Driver\src\usb_mem.c 0x00000000   Number         0  usb_mem.o ABSOLUTE
    ..\Libraries\STM32_USB-FS-Device_Driver\src\usb_regs.c 0x00000000   Number         0  usb_regs.o ABSOLUTE
    ..\Libraries\Source\list.c               0x00000000   Number         0  list.o ABSOLUTE
    ..\Libraries\Source\portable\MemMang\heap_2.c 0x00000000   Number         0  heap_2.o ABSOLUTE
    ..\Libraries\Source\portable\RVDS\ARM_CM3\port.c 0x00000000   Number         0  port.o ABSOLUTE
    ..\Libraries\Source\queue.c              0x00000000   Number         0  queue.o ABSOLUTE
    ..\Libraries\Source\tasks.c              0x00000000   Number         0  tasks.o ABSOLUTE
    ..\User\USART.c                          0x00000000   Number         0  usart.o ABSOLUTE
    ..\User\app.c                            0x00000000   Number         0  app.o ABSOLUTE
    ..\User\delay.c                          0x00000000   Number         0  delay.o ABSOLUTE
    ..\User\main.c                           0x00000000   Number         0  main.o ABSOLUTE
    ..\User\src\hw_config.c                  0x00000000   Number         0  hw_config.o ABSOLUTE
    ..\User\src\usb_desc.c                   0x00000000   Number         0  usb_desc.o ABSOLUTE
    ..\User\src\usb_istr.c                   0x00000000   Number         0  usb_istr.o ABSOLUTE
    ..\User\src\usb_prop.c                   0x00000000   Number         0  usb_prop.o ABSOLUTE
    ..\User\src\usb_pwr.c                    0x00000000   Number         0  usb_pwr.o ABSOLUTE
    ..\User\stm32f10x_it.c                   0x00000000   Number         0  stm32f10x_it.o ABSOLUTE
    ..\\Libraries\\CMSIS\\Core\\CM3\\core_cm3.c 0x00000000   Number         0  core_cm3.o ABSOLUTE
    ..\\Libraries\\Source\\portable\\RVDS\\ARM_CM3\\port.c 0x00000000   Number         0  port.o ABSOLUTE
    dc.s                                     0x00000000   Number         0  dc.o ABSOLUTE
    RESET                                    0x08000000   Section      304  startup_stm32f10x_hd.o(RESET)
    !!!main                                  0x08000130   Section        8  __main.o(!!!main)
    !!!scatter                               0x08000138   Section       52  __scatter.o(!!!scatter)
    !!dczerorl2                              0x0800016c   Section       90  __dczerorl2.o(!!dczerorl2)
    !!handler_zi                             0x080001c8   Section       28  __scatter_zi.o(!!handler_zi)
    .ARM.Collect$$_printf_percent$$00000000  0x080001e4   Section        0  _printf_percent.o(.ARM.Collect$$_printf_percent$$00000000)
    .ARM.Collect$$_printf_percent$$00000009  0x080001e4   Section        6  _printf_d.o(.ARM.Collect$$_printf_percent$$00000009)
    .ARM.Collect$$_printf_percent$$00000017  0x080001ea   Section        4  _printf_percent_end.o(.ARM.Collect$$_printf_percent$$00000017)
    .ARM.Collect$$libinit$$00000000          0x080001ee   Section        2  libinit.o(.ARM.Collect$$libinit$$00000000)
    .ARM.Collect$$libinit$$00000002          0x080001f0   Section        0  libinit2.o(.ARM.Collect$$libinit$$00000002)
    .ARM.Collect$$libinit$$00000008          0x080001f0   Section        0  libinit2.o(.ARM.Collect$$libinit$$00000008)
    .ARM.Collect$$libinit$$0000000A          0x080001f0   Section        0  libinit2.o(.ARM.Collect$$libinit$$0000000A)
    .ARM.Collect$$libinit$$0000000C          0x080001f0   Section        0  libinit2.o(.ARM.Collect$$libinit$$0000000C)
    .ARM.Collect$$libinit$$0000000F          0x080001f0   Section        0  libinit2.o(.ARM.Collect$$libinit$$0000000F)
    .ARM.Collect$$libinit$$00000011          0x080001f0   Section        0  libinit2.o(.ARM.Collect$$libinit$$00000011)
    .ARM.Collect$$libinit$$00000013          0x080001f0   Section        0  libinit2.o(.ARM.Collect$$libinit$$00000013)
    .ARM.Collect$$libinit$$00000015          0x080001f0   Section        0  libinit2.o(.ARM.Collect$$libinit$$00000015)
    .ARM.Collect$$libinit$$00000017          0x080001f0   Section        0  libinit2.o(.ARM.Collect$$libinit$$00000017)
    .ARM.Collect$$libinit$$00000019          0x080001f0   Section        0  libinit2.o(.ARM.Collect$$libinit$$00000019)
    .ARM.Collect$$libinit$$0000001B          0x080001f0   Section        0  libinit2.o(.ARM.Collect$$libinit$$0000001B)
    .ARM.Collect$$libinit$$0000001D          0x080001f0   Section        0  libinit2.o(.ARM.Collect$$libinit$$0000001D)
    .ARM.Collect$$libinit$$0000001F          0x080001f0   Section        0  libinit2.o(.ARM.Collect$$libinit$$0000001F)
    .ARM.Collect$$libinit$$00000021          0x080001f0   Section        0  libinit2.o(.ARM.Collect$$libinit$$00000021)
    .ARM.Collect$$libinit$$00000023          0x080001f0   Section        0  libinit2.o(.ARM.Collect$$libinit$$00000023)
    .ARM.Collect$$libinit$$0000002A          0x080001f0   Section        0  libinit2.o(.ARM.Collect$$libinit$$0000002A)
    .ARM.Collect$$libinit$$0000002C          0x080001f0   Section        0  libinit2.o(.ARM.Collect$$libinit$$0000002C)
    .ARM.Collect$$libinit$$0000002E          0x080001f0   Section        0  libinit2.o(.ARM.Collect$$libinit$$0000002E)
    .ARM.Collect$$libinit$$00000030          0x080001f0   Section        0  libinit2.o(.ARM.Collect$$libinit$$00000030)
    .ARM.Collect$$libinit$$00000031          0x080001f0   Section        2  libinit2.o(.ARM.Collect$$libinit$$00000031)
    .ARM.Collect$$libshutdown$$00000000      0x080001f2   Section        2  libshutdown.o(.ARM.Collect$$libshutdown$$00000000)
    .ARM.Collect$$libshutdown$$00000003      0x080001f4   Section        0  libshutdown2.o(.ARM.Collect$$libshutdown$$00000003)
    .ARM.Collect$$libshutdown$$00000006      0x080001f4   Section        0  libshutdown2.o(.ARM.Collect$$libshutdown$$00000006)
    .ARM.Collect$$libshutdown$$00000009      0x080001f4   Section        0  libshutdown2.o(.ARM.Collect$$libshutdown$$00000009)
    .ARM.Collect$$libshutdown$$0000000B      0x080001f4   Section        0  libshutdown2.o(.ARM.Collect$$libshutdown$$0000000B)
    .ARM.Collect$$libshutdown$$0000000E      0x080001f4   Section        0  libshutdown2.o(.ARM.Collect$$libshutdown$$0000000E)
    .ARM.Collect$$libshutdown$$0000000F      0x080001f4   Section        2  libshutdown2.o(.ARM.Collect$$libshutdown$$0000000F)
    .ARM.Collect$$rtentry$$00000000          0x080001f6   Section        0  rtentry.o(.ARM.Collect$$rtentry$$00000000)
    .ARM.Collect$$rtentry$$00000002          0x080001f6   Section        0  rtentry2.o(.ARM.Collect$$rtentry$$00000002)
    .ARM.Collect$$rtentry$$00000004          0x080001f6   Section        6  rtentry4.o(.ARM.Collect$$rtentry$$00000004)
    .ARM.Collect$$rtentry$$00000009          0x080001fc   Section        0  rtentry2.o(.ARM.Collect$$rtentry$$00000009)
    .ARM.Collect$$rtentry$$0000000A          0x080001fc   Section        4  rtentry2.o(.ARM.Collect$$rtentry$$0000000A)
    .ARM.Collect$$rtentry$$0000000C          0x08000200   Section        0  rtentry2.o(.ARM.Collect$$rtentry$$0000000C)
    .ARM.Collect$$rtentry$$0000000D          0x08000200   Section        8  rtentry2.o(.ARM.Collect$$rtentry$$0000000D)
    .ARM.Collect$$rtexit$$00000000           0x08000208   Section        2  rtexit.o(.ARM.Collect$$rtexit$$00000000)
    .ARM.Collect$$rtexit$$00000002           0x0800020a   Section        0  rtexit2.o(.ARM.Collect$$rtexit$$00000002)
    .ARM.Collect$$rtexit$$00000003           0x0800020a   Section        4  rtexit2.o(.ARM.Collect$$rtexit$$00000003)
    .ARM.Collect$$rtexit$$00000004           0x0800020e   Section        6  rtexit2.o(.ARM.Collect$$rtexit$$00000004)
    .emb_text                                0x08000214   Section      162  port.o(.emb_text)
    .text                                    0x080002b8   Section        0  main.o(.text)
    vUart                                    0x080002b9   Thumb Code    30  main.o(.text)
    vUSB                                     0x080002d7   Thumb Code   230  main.o(.text)
    vLED2                                    0x080003bd   Thumb Code    38  main.o(.text)
    vLED1                                    0x080003e3   Thumb Code    38  main.o(.text)
    prvSetupHardware                         0x08000409   Thumb Code    90  main.o(.text)
    .text                                    0x08000544   Section        0  stm32f10x_it.o(.text)
    .text                                    0x080005b0   Section        0  usart.o(.text)
    .text                                    0x08000790   Section        0  app.o(.text)
    .text                                    0x08000920   Section        0  delay.o(.text)
    .text                                    0x080009cc   Section        0  stm32f10x_gpio.o(.text)
    .text                                    0x08000cf8   Section        0  stm32f10x_rcc.o(.text)
    .text                                    0x08001098   Section        0  misc.o(.text)
    .text                                    0x08001174   Section        0  stm32f10x_exti.o(.text)
    .text                                    0x08001298   Section        0  stm32f10x_pwr.o(.text)
    .text                                    0x08001358   Section        0  stm32f10x_adc.o(.text)
    .text                                    0x08001788   Section        0  stm32f10x_dma.o(.text)
    .text                                    0x080019c4   Section        0  stm32f10x_usart.o(.text)
    .text                                    0x08001d34   Section        0  system_stm32f10x.o(.text)
    SetSysClockTo72                          0x08001d35   Thumb Code   218  system_stm32f10x.o(.text)
    SetSysClock                              0x08001e0f   Thumb Code     8  system_stm32f10x.o(.text)
    .text                                    0x08001e6c   Section       72  startup_stm32f10x_hd.o(.text)
    .text                                    0x08001eb4   Section        0  list.o(.text)
    .text                                    0x08001f48   Section        0  tasks.o(.text)
    prvInitialiseTaskLists                   0x08001f49   Thumb Code    70  tasks.o(.text)
    prvInitialiseTCBVariables                0x08001f8f   Thumb Code    92  tasks.o(.text)
    prvAllocateTCBAndStack                   0x08001feb   Thumb Code    54  tasks.o(.text)
    prvResetNextTaskUnblockTime              0x08002103   Thumb Code    42  tasks.o(.text)
    prvAddCurrentTaskToDelayedList           0x080023b5   Thumb Code    62  tasks.o(.text)
    prvTaskIsTaskSuspended                   0x080026b7   Thumb Code    56  tasks.o(.text)
    prvDeleteTCB                             0x080027f9   Thumb Code    18  tasks.o(.text)
    prvCheckTasksWaitingTermination          0x0800280b   Thumb Code    86  tasks.o(.text)
    prvIdleTask                              0x08002861   Thumb Code    20  tasks.o(.text)
    .text                                    0x08002e70   Section        0  port.o(.text)
    prvTaskExitError                         0x08002e71   Thumb Code     8  port.o(.text)
    .text                                    0x08002f44   Section        0  heap_2.o(.text)
    prvHeapInit                              0x08002f45   Thumb Code    42  heap_2.o(.text)
    .text                                    0x08003068   Section        0  usb_core.o(.text)
    DataStageOut                             0x0800341b   Thumb Code   200  usb_core.o(.text)
    DataStageIn                              0x080034e3   Thumb Code   166  usb_core.o(.text)
    NoData_Setup0                            0x08003589   Thumb Code   300  usb_core.o(.text)
    Data_Setup0                              0x080036b5   Thumb Code   662  usb_core.o(.text)
    .text                                    0x08003b30   Section        0  usb_init.o(.text)
    .text                                    0x08003b6c   Section        0  usb_int.o(.text)
    .text                                    0x08003f18   Section        0  usb_mem.o(.text)
    .text                                    0x08003f74   Section        0  usb_regs.o(.text)
    .text                                    0x080046c0   Section        0  hw_config.o(.text)
    .text                                    0x08004a54   Section        0  usb_istr.o(.text)
    .text                                    0x08004b4c   Section        0  usb_prop.o(.text)
    .text                                    0x08004d78   Section        0  usb_pwr.o(.text)
    .text                                    0x08004ec0   Section        2  use_no_semi_2.o(.text)
    .text                                    0x08004ec4   Section        0  noretval__2printf.o(.text)
    .text                                    0x08004edc   Section        0  __printf.o(.text)
    .text                                    0x08004f44   Section        0  _printf_dec.o(.text)
    .text                                    0x08004fbc   Section        0  strlen.o(.text)
    .text                                    0x08004ffa   Section        0  heapauxi.o(.text)
    .text                                    0x08005000   Section        2  use_no_semi.o(.text)
    .text                                    0x08005002   Section        0  _printf_intcommon.o(.text)
    .text                                    0x080050bc   Section        0  _printf_char_file.o(.text)
    .text                                    0x080050e0   Section        0  _printf_char_common.o(.text)
    _printf_input_char                       0x080050e1   Thumb Code    10  _printf_char_common.o(.text)
    .text                                    0x08005110   Section        0  ferror.o(.text)
    .text                                    0x08005118   Section       74  sys_stackheap_outer.o(.text)
    .text                                    0x08005162   Section        0  exit.o(.text)
    .text                                    0x08005170   Section        8  libspace.o(.text)
    .constdata                               0x08005178   Section      192  usb_desc.o(.constdata)
    .data                                    0x20000000   Section        4  main.o(.data)
    .data                                    0x20000004   Section        4  usart.o(.data)
    .data                                    0x20000008   Section        4  delay.o(.data)
    fac_us                                   0x20000008   Data           1  delay.o(.data)
    fac_ms                                   0x2000000a   Data           2  delay.o(.data)
    .data                                    0x2000000c   Section       20  stm32f10x_rcc.o(.data)
    APBAHBPrescTable                         0x2000000c   Data          16  stm32f10x_rcc.o(.data)
    ADCPrescTable                            0x2000001c   Data           4  stm32f10x_rcc.o(.data)
    .data                                    0x20000020   Section       56  tasks.o(.data)
    uxTasksDeleted                           0x20000024   Data           4  tasks.o(.data)
    uxCurrentNumberOfTasks                   0x20000028   Data           4  tasks.o(.data)
    xTickCount                               0x2000002c   Data           4  tasks.o(.data)
    uxTopReadyPriority                       0x20000030   Data           4  tasks.o(.data)
    xSchedulerRunning                        0x20000034   Data           4  tasks.o(.data)
    uxPendedTicks                            0x20000038   Data           4  tasks.o(.data)
    xYieldPending                            0x2000003c   Data           4  tasks.o(.data)
    xNumOfOverflows                          0x20000040   Data           4  tasks.o(.data)
    uxTaskNumber                             0x20000044   Data           4  tasks.o(.data)
    xNextTaskUnblockTime                     0x20000048   Data           4  tasks.o(.data)
    uxSchedulerSuspended                     0x2000004c   Data           4  tasks.o(.data)
    pxDelayedTaskList                        0x20000050   Data           4  tasks.o(.data)
    pxOverflowDelayedTaskList                0x20000054   Data           4  tasks.o(.data)
    .data                                    0x20000058   Section        4  port.o(.data)
    uxCriticalNesting                        0x20000058   Data           4  port.o(.data)
    .data                                    0x2000005c   Section       24  heap_2.o(.data)
    xFreeBytesRemaining                      0x2000005c   Data           4  heap_2.o(.data)
    xHeapHasBeenInitialised                  0x20000060   Data           4  heap_2.o(.data)
    xStart                                   0x20000064   Data           8  heap_2.o(.data)
    xEnd                                     0x2000006c   Data           8  heap_2.o(.data)
    .data                                    0x20000074   Section        4  usb_core.o(.data)
    .data                                    0x20000078   Section       20  usb_init.o(.data)
    .data                                    0x2000008c   Section        4  usb_int.o(.data)
    .data                                    0x20000090   Section       12  hw_config.o(.data)
    .data                                    0x2000009c   Section       26  usb_desc.o(.data)
    .data                                    0x200000b8   Section       62  usb_istr.o(.data)
    .data                                    0x200000f8   Section      156  usb_prop.o(.data)
    .data                                    0x20000194   Section        7  usb_pwr.o(.data)
    .bss                                     0x2000019c   Section       12  app.o(.bss)
    .bss                                     0x200001a8   Section      200  tasks.o(.bss)
    pxReadyTasksLists                        0x200001a8   Data         100  tasks.o(.bss)
    xDelayedTaskList1                        0x2000020c   Data          20  tasks.o(.bss)
    xDelayedTaskList2                        0x20000220   Data          20  tasks.o(.bss)
    xPendingReadyList                        0x20000234   Data          20  tasks.o(.bss)
    xTasksWaitingTermination                 0x20000248   Data          20  tasks.o(.bss)
    xSuspendedTaskList                       0x2000025c   Data          20  tasks.o(.bss)
    .bss                                     0x20000270   Section    17408  heap_2.o(.bss)
    ucHeap                                   0x20000270   Data       17408  heap_2.o(.bss)
    .bss                                     0x20004670   Section       28  usb_init.o(.bss)
    .bss                                     0x2000468c   Section       96  libspace.o(.bss)
    HEAP                                     0x200046f0   Section        0  startup_stm32f10x_hd.o(HEAP)
    STACK                                    0x200046f0   Section      512  startup_stm32f10x_hd.o(STACK)
    Heap_Mem                                 0x200046f0   Data           0  startup_stm32f10x_hd.o(HEAP)
    Stack_Mem                                0x200046f0   Data         512  startup_stm32f10x_hd.o(STACK)
    __initial_sp                             0x200048f0   Data           0  startup_stm32f10x_hd.o(STACK)

    Global Symbols

    Symbol Name                              Value     Ov Type        Size  Object(Section)

    BuildAttributes$$THM_ISAv4$P$D$K$B$S$PE$A:L22UL41UL21$X:L11$S22US41US21$IEEE1$IW$USESV6$~STKCKD$USESV7$~SHL$OSPACE$ROPI$EBA8$UX$STANDARDLIB$REQ8$PRES8$EABIv2 0x00000000   Number         0  anon$$obj.o ABSOLUTE
    __ARM_use_no_argv                        0x00000000   Number         0  main.o ABSOLUTE
    __ARM_exceptions_init                     - Undefined Weak Reference
    __alloca_initialize                       - Undefined Weak Reference
    __cpp_initialize__aeabi_                  - Undefined Weak Reference
    __cxa_finalize                            - Undefined Weak Reference
    __rt_locale                               - Undefined Weak Reference
    __sigvec_lookup                           - Undefined Weak Reference
    _atexit_init                              - Undefined Weak Reference
    _call_atexit_fns                          - Undefined Weak Reference
    _clock_init                               - Undefined Weak Reference
    _fp_trap_init                             - Undefined Weak Reference
    _fp_trap_shutdown                         - Undefined Weak Reference
    _get_lc_collate                           - Undefined Weak Reference
    _get_lc_ctype                             - Undefined Weak Reference
    _get_lc_monetary                          - Undefined Weak Reference
    _get_lc_numeric                           - Undefined Weak Reference
    _get_lc_time                              - Undefined Weak Reference
    _getenv_init                              - Undefined Weak Reference
    _handle_redirection                       - Undefined Weak Reference
    _init_alloc                               - Undefined Weak Reference
    _init_user_alloc                          - Undefined Weak Reference
    _initio                                   - Undefined Weak Reference
    _mutex_acquire                            - Undefined Weak Reference
    _mutex_release                            - Undefined Weak Reference
    _printf_post_padding                      - Undefined Weak Reference
    _printf_pre_padding                       - Undefined Weak Reference
    _printf_truncate_signed                   - Undefined Weak Reference
    _printf_truncate_unsigned                 - Undefined Weak Reference
    _rand_init                                - Undefined Weak Reference
    _signal_finish                            - Undefined Weak Reference
    _signal_init                              - Undefined Weak Reference
    _terminate_alloc                          - Undefined Weak Reference
    _terminate_user_alloc                     - Undefined Weak Reference
    _terminateio                              - Undefined Weak Reference
    __Vectors_Size                           0x00000130   Number         0  startup_stm32f10x_hd.o ABSOLUTE
    __Vectors                                0x08000000   Data           4  startup_stm32f10x_hd.o(RESET)
    __Vectors_End                            0x08000130   Data           0  startup_stm32f10x_hd.o(RESET)
    __main                                   0x08000131   Thumb Code     8  __main.o(!!!main)
    __scatterload                            0x08000139   Thumb Code     0  __scatter.o(!!!scatter)
    __scatterload_rt2                        0x08000139   Thumb Code    44  __scatter.o(!!!scatter)
    __scatterload_rt2_thumb_only             0x08000139   Thumb Code     0  __scatter.o(!!!scatter)
    __scatterload_null                       0x08000147   Thumb Code     0  __scatter.o(!!!scatter)
    __decompress                             0x0800016d   Thumb Code    90  __dczerorl2.o(!!dczerorl2)
    __decompress1                            0x0800016d   Thumb Code     0  __dczerorl2.o(!!dczerorl2)
    __scatterload_zeroinit                   0x080001c9   Thumb Code    28  __scatter_zi.o(!!handler_zi)
    _printf_d                                0x080001e5   Thumb Code     0  _printf_d.o(.ARM.Collect$$_printf_percent$$00000009)
    _printf_percent                          0x080001e5   Thumb Code     0  _printf_percent.o(.ARM.Collect$$_printf_percent$$00000000)
    _printf_percent_end                      0x080001eb   Thumb Code     0  _printf_percent_end.o(.ARM.Collect$$_printf_percent$$00000017)
    __rt_lib_init                            0x080001ef   Thumb Code     0  libinit.o(.ARM.Collect$$libinit$$00000000)
    __rt_lib_init_alloca_1                   0x080001f1   Thumb Code     0  libinit2.o(.ARM.Collect$$libinit$$0000002C)
    __rt_lib_init_argv_1                     0x080001f1   Thumb Code     0  libinit2.o(.ARM.Collect$$libinit$$0000002A)
    __rt_lib_init_atexit_1                   0x080001f1   Thumb Code     0  libinit2.o(.ARM.Collect$$libinit$$00000019)
    __rt_lib_init_clock_1                    0x080001f1   Thumb Code     0  libinit2.o(.ARM.Collect$$libinit$$0000001F)
    __rt_lib_init_cpp_1                      0x080001f1   Thumb Code     0  libinit2.o(.ARM.Collect$$libinit$$00000030)
    __rt_lib_init_exceptions_1               0x080001f1   Thumb Code     0  libinit2.o(.ARM.Collect$$libinit$$0000002E)
    __rt_lib_init_fp_1                       0x080001f1   Thumb Code     0  libinit2.o(.ARM.Collect$$libinit$$00000002)
    __rt_lib_init_fp_trap_1                  0x080001f1   Thumb Code     0  libinit2.o(.ARM.Collect$$libinit$$0000001D)
    __rt_lib_init_getenv_1                   0x080001f1   Thumb Code     0  libinit2.o(.ARM.Collect$$libinit$$00000021)
    __rt_lib_init_heap_1                     0x080001f1   Thumb Code     0  libinit2.o(.ARM.Collect$$libinit$$00000008)
    __rt_lib_init_lc_collate_1               0x080001f1   Thumb Code     0  libinit2.o(.ARM.Collect$$libinit$$0000000F)
    __rt_lib_init_lc_ctype_1                 0x080001f1   Thumb Code     0  libinit2.o(.ARM.Collect$$libinit$$00000011)
    __rt_lib_init_lc_monetary_1              0x080001f1   Thumb Code     0  libinit2.o(.ARM.Collect$$libinit$$00000013)
    __rt_lib_init_lc_numeric_1               0x080001f1   Thumb Code     0  libinit2.o(.ARM.Collect$$libinit$$00000015)
    __rt_lib_init_lc_time_1                  0x080001f1   Thumb Code     0  libinit2.o(.ARM.Collect$$libinit$$00000017)
    __rt_lib_init_rand_1                     0x080001f1   Thumb Code     0  libinit2.o(.ARM.Collect$$libinit$$0000000C)
    __rt_lib_init_return                     0x080001f1   Thumb Code     0  libinit2.o(.ARM.Collect$$libinit$$00000031)
    __rt_lib_init_signal_1                   0x080001f1   Thumb Code     0  libinit2.o(.ARM.Collect$$libinit$$0000001B)
    __rt_lib_init_stdio_1                    0x080001f1   Thumb Code     0  libinit2.o(.ARM.Collect$$libinit$$00000023)
    __rt_lib_init_user_alloc_1               0x080001f1   Thumb Code     0  libinit2.o(.ARM.Collect$$libinit$$0000000A)
    __rt_lib_shutdown                        0x080001f3   Thumb Code     0  libshutdown.o(.ARM.Collect$$libshutdown$$00000000)
    __rt_lib_shutdown_fp_trap_1              0x080001f5   Thumb Code     0  libshutdown2.o(.ARM.Collect$$libshutdown$$00000006)
    __rt_lib_shutdown_heap_1                 0x080001f5   Thumb Code     0  libshutdown2.o(.ARM.Collect$$libshutdown$$0000000E)
    __rt_lib_shutdown_return                 0x080001f5   Thumb Code     0  libshutdown2.o(.ARM.Collect$$libshutdown$$0000000F)
    __rt_lib_shutdown_signal_1               0x080001f5   Thumb Code     0  libshutdown2.o(.ARM.Collect$$libshutdown$$00000009)
    __rt_lib_shutdown_stdio_1                0x080001f5   Thumb Code     0  libshutdown2.o(.ARM.Collect$$libshutdown$$00000003)
    __rt_lib_shutdown_user_alloc_1           0x080001f5   Thumb Code     0  libshutdown2.o(.ARM.Collect$$libshutdown$$0000000B)
    __rt_entry                               0x080001f7   Thumb Code     0  rtentry.o(.ARM.Collect$$rtentry$$00000000)
    __rt_entry_presh_1                       0x080001f7   Thumb Code     0  rtentry2.o(.ARM.Collect$$rtentry$$00000002)
    __rt_entry_sh                            0x080001f7   Thumb Code     0  rtentry4.o(.ARM.Collect$$rtentry$$00000004)
    __rt_entry_li                            0x080001fd   Thumb Code     0  rtentry2.o(.ARM.Collect$$rtentry$$0000000A)
    __rt_entry_postsh_1                      0x080001fd   Thumb Code     0  rtentry2.o(.ARM.Collect$$rtentry$$00000009)
    __rt_entry_main                          0x08000201   Thumb Code     0  rtentry2.o(.ARM.Collect$$rtentry$$0000000D)
    __rt_entry_postli_1                      0x08000201   Thumb Code     0  rtentry2.o(.ARM.Collect$$rtentry$$0000000C)
    __rt_exit                                0x08000209   Thumb Code     0  rtexit.o(.ARM.Collect$$rtexit$$00000000)
    __rt_exit_ls                             0x0800020b   Thumb Code     0  rtexit2.o(.ARM.Collect$$rtexit$$00000003)
    __rt_exit_prels_1                        0x0800020b   Thumb Code     0  rtexit2.o(.ARM.Collect$$rtexit$$00000002)
    __rt_exit_exit                           0x0800020f   Thumb Code     0  rtexit2.o(.ARM.Collect$$rtexit$$00000004)
    vPortSVCHandler                          0x08000215   Thumb Code    32  port.o(.emb_text)
    __asm___6_port_c_39a90d8d__prvStartFirstTask 0x08000239   Thumb Code    28  port.o(.emb_text)
    xPortPendSVHandler                       0x08000259   Thumb Code    64  port.o(.emb_text)
    ulPortSetInterruptMask                   0x0800029d   Thumb Code    14  port.o(.emb_text)
    vPortClearInterruptMask                  0x080002ab   Thumb Code     6  port.o(.emb_text)
    vPortGetIPSR                             0x080002b1   Thumb Code     6  port.o(.emb_text)
    main                                     0x08000463   Thumb Code   112  main.o(.text)
    Delay                                    0x080004d3   Thumb Code    18  main.o(.text)
    NMI_Handler                              0x08000545   Thumb Code     2  stm32f10x_it.o(.text)
    HardFault_Handler                        0x08000547   Thumb Code     4  stm32f10x_it.o(.text)
    MemManage_Handler                        0x0800054b   Thumb Code     4  stm32f10x_it.o(.text)
    BusFault_Handler                         0x0800054f   Thumb Code     4  stm32f10x_it.o(.text)
    UsageFault_Handler                       0x08000553   Thumb Code     4  stm32f10x_it.o(.text)
    SVC_Handler                              0x08000557   Thumb Code     2  stm32f10x_it.o(.text)
    DebugMon_Handler                         0x08000559   Thumb Code     2  stm32f10x_it.o(.text)
    PendSV_Handler                           0x0800055b   Thumb Code     2  stm32f10x_it.o(.text)
    SysTick_Handler                          0x0800055d   Thumb Code     2  stm32f10x_it.o(.text)
    USB_LP_CAN1_RX0_IRQHandler               0x0800055f   Thumb Code     8  stm32f10x_it.o(.text)
    EXTI9_5_IRQHandler                       0x08000567   Thumb Code    40  stm32f10x_it.o(.text)
    USBWakeUp_IRQHandler                     0x0800058f   Thumb Code    12  stm32f10x_it.o(.text)
    DMA1_Channel1_IRQHandler                 0x0800059b   Thumb Code    18  stm32f10x_it.o(.text)
    u32tostr                                 0x080005b1   Thumb Code    88  usart.o(.text)
    strtou32                                 0x08000609   Thumb Code    54  usart.o(.text)
    Usart_Configuration                      0x0800063f   Thumb Code   146  usart.o(.text)
    _sys_exit                                0x080006d1   Thumb Code     6  usart.o(.text)
    fputc                                    0x080006d7   Thumb Code    22  usart.o(.text)
    USART1_Putc                              0x080006ed   Thumb Code    20  usart.o(.text)
    USART1_Puts                              0x08000701   Thumb Code    32  usart.o(.text)
    UART_Send_Enter                          0x08000721   Thumb Code    16  usart.o(.text)
    UART_Send_Str                            0x08000731   Thumb Code    34  usart.o(.text)
    UART_Put_Num                             0x08000753   Thumb Code    24  usart.o(.text)
    UART_Put_Inf                             0x0800076b   Thumb Code    26  usart.o(.text)
    ADC1_DMA_Config                          0x08000791   Thumb Code   320  app.o(.text)
    NVIC_Config                              0x080008d1   Thumb Code    40  app.o(.text)
    All_Init                                 0x080008f9   Thumb Code    24  app.o(.text)
    delay_init                               0x08000921   Thumb Code    56  delay.o(.text)
    delay_us                                 0x08000959   Thumb Code    54  delay.o(.text)
    delay_ms                                 0x0800098f   Thumb Code    54  delay.o(.text)
    GPIO_DeInit                              0x080009cd   Thumb Code   188  stm32f10x_gpio.o(.text)
    GPIO_AFIODeInit                          0x08000a89   Thumb Code    20  stm32f10x_gpio.o(.text)
    GPIO_Init                                0x08000a9d   Thumb Code   274  stm32f10x_gpio.o(.text)
    GPIO_StructInit                          0x08000baf   Thumb Code    16  stm32f10x_gpio.o(.text)
    GPIO_ReadInputDataBit                    0x08000bbf   Thumb Code    18  stm32f10x_gpio.o(.text)
    GPIO_ReadInputData                       0x08000bd1   Thumb Code     8  stm32f10x_gpio.o(.text)
    GPIO_ReadOutputDataBit                   0x08000bd9   Thumb Code    18  stm32f10x_gpio.o(.text)
    GPIO_ReadOutputData                      0x08000beb   Thumb Code     8  stm32f10x_gpio.o(.text)
    GPIO_SetBits                             0x08000bf3   Thumb Code     4  stm32f10x_gpio.o(.text)
    GPIO_ResetBits                           0x08000bf7   Thumb Code     4  stm32f10x_gpio.o(.text)
    GPIO_WriteBit                            0x08000bfb   Thumb Code    10  stm32f10x_gpio.o(.text)
    GPIO_Write                               0x08000c05   Thumb Code     4  stm32f10x_gpio.o(.text)
    GPIO_PinLockConfig                       0x08000c09   Thumb Code    18  stm32f10x_gpio.o(.text)
    GPIO_EventOutputConfig                   0x08000c1b   Thumb Code    26  stm32f10x_gpio.o(.text)
    GPIO_EventOutputCmd                      0x08000c35   Thumb Code     6  stm32f10x_gpio.o(.text)
    GPIO_PinRemapConfig                      0x08000c3b   Thumb Code   106  stm32f10x_gpio.o(.text)
    GPIO_EXTILineConfig                      0x08000ca5   Thumb Code    66  stm32f10x_gpio.o(.text)
    RCC_DeInit                               0x08000cf9   Thumb Code    62  stm32f10x_rcc.o(.text)
    RCC_HSEConfig                            0x08000d37   Thumb Code    70  stm32f10x_rcc.o(.text)
    RCC_GetFlagStatus                        0x08000d7d   Thumb Code    56  stm32f10x_rcc.o(.text)
    RCC_WaitForHSEStartUp                    0x08000db5   Thumb Code    54  stm32f10x_rcc.o(.text)
    RCC_AdjustHSICalibrationValue            0x08000deb   Thumb Code    20  stm32f10x_rcc.o(.text)
    RCC_HSICmd                               0x08000dff   Thumb Code     6  stm32f10x_rcc.o(.text)
    RCC_PLLConfig                            0x08000e05   Thumb Code    24  stm32f10x_rcc.o(.text)
    RCC_PLLCmd                               0x08000e1d   Thumb Code     6  stm32f10x_rcc.o(.text)
    RCC_SYSCLKConfig                         0x08000e23   Thumb Code    18  stm32f10x_rcc.o(.text)
    RCC_GetSYSCLKSource                      0x08000e35   Thumb Code    10  stm32f10x_rcc.o(.text)
    RCC_HCLKConfig                           0x08000e3f   Thumb Code    18  stm32f10x_rcc.o(.text)
    RCC_PCLK1Config                          0x08000e51   Thumb Code    18  stm32f10x_rcc.o(.text)
    RCC_PCLK2Config                          0x08000e63   Thumb Code    20  stm32f10x_rcc.o(.text)
    RCC_ITConfig                             0x08000e77   Thumb Code    26  stm32f10x_rcc.o(.text)
    RCC_USBCLKConfig                         0x08000e91   Thumb Code     6  stm32f10x_rcc.o(.text)
    RCC_ADCCLKConfig                         0x08000e97   Thumb Code    18  stm32f10x_rcc.o(.text)
    RCC_LSEConfig                            0x08000ea9   Thumb Code    44  stm32f10x_rcc.o(.text)
    RCC_LSICmd                               0x08000ed5   Thumb Code     6  stm32f10x_rcc.o(.text)
    RCC_RTCCLKConfig                         0x08000edb   Thumb Code    12  stm32f10x_rcc.o(.text)
    RCC_RTCCLKCmd                            0x08000ee7   Thumb Code     8  stm32f10x_rcc.o(.text)
    RCC_GetClocksFreq                        0x08000eef   Thumb Code   192  stm32f10x_rcc.o(.text)
    RCC_AHBPeriphClockCmd                    0x08000faf   Thumb Code    26  stm32f10x_rcc.o(.text)
    RCC_APB2PeriphClockCmd                   0x08000fc9   Thumb Code    26  stm32f10x_rcc.o(.text)
    RCC_APB1PeriphClockCmd                   0x08000fe3   Thumb Code    26  stm32f10x_rcc.o(.text)
    RCC_APB2PeriphResetCmd                   0x08000ffd   Thumb Code    26  stm32f10x_rcc.o(.text)
    RCC_APB1PeriphResetCmd                   0x08001017   Thumb Code    26  stm32f10x_rcc.o(.text)
    RCC_BackupResetCmd                       0x08001031   Thumb Code     8  stm32f10x_rcc.o(.text)
    RCC_ClockSecuritySystemCmd               0x08001039   Thumb Code     6  stm32f10x_rcc.o(.text)
    RCC_MCOConfig                            0x0800103f   Thumb Code     6  stm32f10x_rcc.o(.text)
    RCC_ClearFlag                            0x08001045   Thumb Code    14  stm32f10x_rcc.o(.text)
    RCC_GetITStatus                          0x08001053   Thumb Code    20  stm32f10x_rcc.o(.text)
    RCC_ClearITPendingBit                    0x08001067   Thumb Code     6  stm32f10x_rcc.o(.text)
    NVIC_PriorityGroupConfig                 0x08001099   Thumb Code    10  misc.o(.text)
    NVIC_Init                                0x080010a3   Thumb Code   102  misc.o(.text)
    NVIC_SetVectorTable                      0x08001109   Thumb Code    14  misc.o(.text)
    NVIC_SystemLPConfig                      0x08001117   Thumb Code    34  misc.o(.text)
    SysTick_CLKSourceConfig                  0x08001139   Thumb Code    40  misc.o(.text)
    EXTI_DeInit                              0x08001175   Thumb Code    28  stm32f10x_exti.o(.text)
    EXTI_Init                                0x08001191   Thumb Code   150  stm32f10x_exti.o(.text)
    EXTI_StructInit                          0x08001227   Thumb Code    16  stm32f10x_exti.o(.text)
    EXTI_GenerateSWInterrupt                 0x08001237   Thumb Code    16  stm32f10x_exti.o(.text)
    EXTI_GetFlagStatus                       0x08001247   Thumb Code    22  stm32f10x_exti.o(.text)
    EXTI_ClearFlag                           0x0800125d   Thumb Code     8  stm32f10x_exti.o(.text)
    EXTI_GetITStatus                         0x08001265   Thumb Code    34  stm32f10x_exti.o(.text)
    EXTI_ClearITPendingBit                   0x08001287   Thumb Code     8  stm32f10x_exti.o(.text)
    PWR_DeInit                               0x08001299   Thumb Code    22  stm32f10x_pwr.o(.text)
    PWR_BackupAccessCmd                      0x080012af   Thumb Code     6  stm32f10x_pwr.o(.text)
    PWR_PVDCmd                               0x080012b5   Thumb Code     6  stm32f10x_pwr.o(.text)
    PWR_PVDLevelConfig                       0x080012bb   Thumb Code    18  stm32f10x_pwr.o(.text)
    PWR_WakeUpPinCmd                         0x080012cd   Thumb Code     6  stm32f10x_pwr.o(.text)
    PWR_EnterSTOPMode                        0x080012d3   Thumb Code    42  stm32f10x_pwr.o(.text)
    PWR_EnterSTANDBYMode                     0x080012fd   Thumb Code    42  stm32f10x_pwr.o(.text)
    PWR_GetFlagStatus                        0x08001327   Thumb Code    20  stm32f10x_pwr.o(.text)
    PWR_ClearFlag                            0x0800133b   Thumb Code    14  stm32f10x_pwr.o(.text)
    ADC_DeInit                               0x08001359   Thumb Code    90  stm32f10x_adc.o(.text)
    ADC_Init                                 0x080013b3   Thumb Code    70  stm32f10x_adc.o(.text)
    ADC_StructInit                           0x080013f9   Thumb Code    18  stm32f10x_adc.o(.text)
    ADC_Cmd                                  0x0800140b   Thumb Code    22  stm32f10x_adc.o(.text)
    ADC_DMACmd                               0x08001421   Thumb Code    22  stm32f10x_adc.o(.text)
    ADC_ITConfig                             0x08001437   Thumb Code    24  stm32f10x_adc.o(.text)
    ADC_ResetCalibration                     0x0800144f   Thumb Code    10  stm32f10x_adc.o(.text)
    ADC_GetResetCalibrationStatus            0x08001459   Thumb Code    20  stm32f10x_adc.o(.text)
    ADC_StartCalibration                     0x0800146d   Thumb Code    10  stm32f10x_adc.o(.text)
    ADC_GetCalibrationStatus                 0x08001477   Thumb Code    20  stm32f10x_adc.o(.text)
    ADC_SoftwareStartConvCmd                 0x0800148b   Thumb Code    22  stm32f10x_adc.o(.text)
    ADC_GetSoftwareStartConvStatus           0x080014a1   Thumb Code    20  stm32f10x_adc.o(.text)
    ADC_DiscModeChannelCountConfig           0x080014b5   Thumb Code    24  stm32f10x_adc.o(.text)
    ADC_DiscModeCmd                          0x080014cd   Thumb Code    22  stm32f10x_adc.o(.text)
    ADC_RegularChannelConfig                 0x080014e3   Thumb Code   184  stm32f10x_adc.o(.text)
    ADC_ExternalTrigConvCmd                  0x0800159b   Thumb Code    22  stm32f10x_adc.o(.text)
    ADC_GetConversionValue                   0x080015b1   Thumb Code     8  stm32f10x_adc.o(.text)
    ADC_GetDualModeConversionValue           0x080015b9   Thumb Code     6  stm32f10x_adc.o(.text)
    ADC_AutoInjectedConvCmd                  0x080015bf   Thumb Code    22  stm32f10x_adc.o(.text)
    ADC_InjectedDiscModeCmd                  0x080015d5   Thumb Code    22  stm32f10x_adc.o(.text)
    ADC_ExternalTrigInjectedConvConfig       0x080015eb   Thumb Code    16  stm32f10x_adc.o(.text)
    ADC_ExternalTrigInjectedConvCmd          0x080015fb   Thumb Code    22  stm32f10x_adc.o(.text)
    ADC_SoftwareStartInjectedConvCmd         0x08001611   Thumb Code    22  stm32f10x_adc.o(.text)
    ADC_GetSoftwareStartInjectedConvCmdStatus 0x08001627   Thumb Code    20  stm32f10x_adc.o(.text)
    ADC_InjectedChannelConfig                0x0800163b   Thumb Code   130  stm32f10x_adc.o(.text)
    ADC_InjectedSequencerLengthConfig        0x080016bd   Thumb Code    24  stm32f10x_adc.o(.text)
    ADC_SetInjectedOffset                    0x080016d5   Thumb Code     4  stm32f10x_adc.o(.text)
    ADC_GetInjectedConversionValue           0x080016d9   Thumb Code    10  stm32f10x_adc.o(.text)
    ADC_AnalogWatchdogCmd                    0x080016e3   Thumb Code    16  stm32f10x_adc.o(.text)
    ADC_AnalogWatchdogThresholdsConfig       0x080016f3   Thumb Code     6  stm32f10x_adc.o(.text)
    ADC_AnalogWatchdogSingleChannelConfig    0x080016f9   Thumb Code    16  stm32f10x_adc.o(.text)
    ADC_TempSensorVrefintCmd                 0x08001709   Thumb Code    38  stm32f10x_adc.o(.text)
    ADC_GetFlagStatus                        0x0800172f   Thumb Code    38  stm32f10x_adc.o(.text)
    ADC_ClearFlag                            0x08001755   Thumb Code     6  stm32f10x_adc.o(.text)
    ADC_GetITStatus                          0x0800175b   Thumb Code    36  stm32f10x_adc.o(.text)
    ADC_ClearITPendingBit                    0x0800177f   Thumb Code    10  stm32f10x_adc.o(.text)
    DMA_DeInit                               0x08001789   Thumb Code   306  stm32f10x_dma.o(.text)
    DMA_Init                                 0x080018bb   Thumb Code    60  stm32f10x_dma.o(.text)
    DMA_StructInit                           0x080018f7   Thumb Code    26  stm32f10x_dma.o(.text)
    DMA_Cmd                                  0x08001911   Thumb Code    22  stm32f10x_dma.o(.text)
    DMA_ITConfig                             0x08001927   Thumb Code    18  stm32f10x_dma.o(.text)
    DMA_GetCurrDataCounter                   0x08001939   Thumb Code     8  stm32f10x_dma.o(.text)
    DMA_GetFlagStatus                        0x08001941   Thumb Code    38  stm32f10x_dma.o(.text)
    DMA_ClearFlag                            0x08001967   Thumb Code    20  stm32f10x_dma.o(.text)
    DMA_GetITStatus                          0x0800197b   Thumb Code    38  stm32f10x_dma.o(.text)
    DMA_ClearITPendingBit                    0x080019a1   Thumb Code    20  stm32f10x_dma.o(.text)
    USART_DeInit                             0x080019c5   Thumb Code   146  stm32f10x_usart.o(.text)
    USART_Init                               0x08001a57   Thumb Code   150  stm32f10x_usart.o(.text)
    USART_StructInit                         0x08001aed   Thumb Code    24  stm32f10x_usart.o(.text)
    USART_ClockInit                          0x08001b05   Thumb Code    34  stm32f10x_usart.o(.text)
    USART_ClockStructInit                    0x08001b27   Thumb Code    12  stm32f10x_usart.o(.text)
    USART_Cmd                                0x08001b33   Thumb Code    24  stm32f10x_usart.o(.text)
    USART_ITConfig                           0x08001b4b   Thumb Code    64  stm32f10x_usart.o(.text)
    USART_DMACmd                             0x08001b8b   Thumb Code    18  stm32f10x_usart.o(.text)
    USART_SetAddress                         0x08001b9d   Thumb Code    18  stm32f10x_usart.o(.text)
    USART_WakeUpConfig                       0x08001baf   Thumb Code    18  stm32f10x_usart.o(.text)
    USART_ReceiverWakeUpCmd                  0x08001bc1   Thumb Code    24  stm32f10x_usart.o(.text)
    USART_LINBreakDetectLengthConfig         0x08001bd9   Thumb Code    18  stm32f10x_usart.o(.text)
    USART_LINCmd                             0x08001beb   Thumb Code    24  stm32f10x_usart.o(.text)
    USART_SendData                           0x08001c03   Thumb Code     8  stm32f10x_usart.o(.text)
    USART_ReceiveData                        0x08001c0b   Thumb Code    10  stm32f10x_usart.o(.text)
    USART_SendBreak                          0x08001c15   Thumb Code    10  stm32f10x_usart.o(.text)
    USART_SetGuardTime                       0x08001c1f   Thumb Code    16  stm32f10x_usart.o(.text)
    USART_SetPrescaler                       0x08001c2f   Thumb Code    16  stm32f10x_usart.o(.text)
    USART_SmartCardCmd                       0x08001c3f   Thumb Code    24  stm32f10x_usart.o(.text)
    USART_SmartCardNACKCmd                   0x08001c57   Thumb Code    24  stm32f10x_usart.o(.text)
    USART_HalfDuplexCmd                      0x08001c6f   Thumb Code    24  stm32f10x_usart.o(.text)
    USART_IrDAConfig                         0x08001c87   Thumb Code    18  stm32f10x_usart.o(.text)
    USART_IrDACmd                            0x08001c99   Thumb Code    24  stm32f10x_usart.o(.text)
    USART_GetFlagStatus                      0x08001cb1   Thumb Code    18  stm32f10x_usart.o(.text)
    USART_ClearFlag                          0x08001cc3   Thumb Code     6  stm32f10x_usart.o(.text)
    USART_GetITStatus                        0x08001cc9   Thumb Code    76  stm32f10x_usart.o(.text)
    USART_ClearITPendingBit                  0x08001d15   Thumb Code    20  stm32f10x_usart.o(.text)
    SystemInit                               0x08001e17   Thumb Code    68  system_stm32f10x.o(.text)
    SystemInit_ExtMemCtl                     0x08001e6d   Thumb Code     2  startup_stm32f10x_hd.o(.text)
    Reset_Handler                            0x08001e6f   Thumb Code    14  startup_stm32f10x_hd.o(.text)
    ADC1_2_IRQHandler                        0x08001e8f   Thumb Code     0  startup_stm32f10x_hd.o(.text)
    ADC3_IRQHandler                          0x08001e8f   Thumb Code     0  startup_stm32f10x_hd.o(.text)
    CAN1_RX1_IRQHandler                      0x08001e8f   Thumb Code     0  startup_stm32f10x_hd.o(.text)
    CAN1_SCE_IRQHandler                      0x08001e8f   Thumb Code     0  startup_stm32f10x_hd.o(.text)
    DMA1_Channel2_IRQHandler                 0x08001e8f   Thumb Code     0  startup_stm32f10x_hd.o(.text)
    DMA1_Channel3_IRQHandler                 0x08001e8f   Thumb Code     0  startup_stm32f10x_hd.o(.text)
    DMA1_Channel4_IRQHandler                 0x08001e8f   Thumb Code     0  startup_stm32f10x_hd.o(.text)
    DMA1_Channel5_IRQHandler                 0x08001e8f   Thumb Code     0  startup_stm32f10x_hd.o(.text)
    DMA1_Channel6_IRQHandler                 0x08001e8f   Thumb Code     0  startup_stm32f10x_hd.o(.text)
    DMA1_Channel7_IRQHandler                 0x08001e8f   Thumb Code     0  startup_stm32f10x_hd.o(.text)
    DMA2_Channel1_IRQHandler                 0x08001e8f   Thumb Code     0  startup_stm32f10x_hd.o(.text)
    DMA2_Channel2_IRQHandler                 0x08001e8f   Thumb Code     0  startup_stm32f10x_hd.o(.text)
    DMA2_Channel3_IRQHandler                 0x08001e8f   Thumb Code     0  startup_stm32f10x_hd.o(.text)
    DMA2_Channel4_5_IRQHandler               0x08001e8f   Thumb Code     0  startup_stm32f10x_hd.o(.text)
    EXTI0_IRQHandler                         0x08001e8f   Thumb Code     0  startup_stm32f10x_hd.o(.text)
    EXTI15_10_IRQHandler                     0x08001e8f   Thumb Code     0  startup_stm32f10x_hd.o(.text)
    EXTI1_IRQHandler                         0x08001e8f   Thumb Code     0  startup_stm32f10x_hd.o(.text)
    EXTI2_IRQHandler                         0x08001e8f   Thumb Code     0  startup_stm32f10x_hd.o(.text)
    EXTI3_IRQHandler                         0x08001e8f   Thumb Code     0  startup_stm32f10x_hd.o(.text)
    EXTI4_IRQHandler                         0x08001e8f   Thumb Code     0  startup_stm32f10x_hd.o(.text)
    FLASH_IRQHandler                         0x08001e8f   Thumb Code     0  startup_stm32f10x_hd.o(.text)
    FSMC_IRQHandler                          0x08001e8f   Thumb Code     0  startup_stm32f10x_hd.o(.text)
    I2C1_ER_IRQHandler                       0x08001e8f   Thumb Code     0  startup_stm32f10x_hd.o(.text)
    I2C1_EV_IRQHandler                       0x08001e8f   Thumb Code     0  startup_stm32f10x_hd.o(.text)
    I2C2_ER_IRQHandler                       0x08001e8f   Thumb Code     0  startup_stm32f10x_hd.o(.text)
    I2C2_EV_IRQHandler                       0x08001e8f   Thumb Code     0  startup_stm32f10x_hd.o(.text)
    PVD_IRQHandler                           0x08001e8f   Thumb Code     0  startup_stm32f10x_hd.o(.text)
    RCC_IRQHandler                           0x08001e8f   Thumb Code     0  startup_stm32f10x_hd.o(.text)
    RTCAlarm_IRQHandler                      0x08001e8f   Thumb Code     0  startup_stm32f10x_hd.o(.text)
    RTC_IRQHandler                           0x08001e8f   Thumb Code     0  startup_stm32f10x_hd.o(.text)
    SDIO_IRQHandler                          0x08001e8f   Thumb Code     0  startup_stm32f10x_hd.o(.text)
    SPI1_IRQHandler                          0x08001e8f   Thumb Code     0  startup_stm32f10x_hd.o(.text)
    SPI2_IRQHandler                          0x08001e8f   Thumb Code     0  startup_stm32f10x_hd.o(.text)
    SPI3_IRQHandler                          0x08001e8f   Thumb Code     0  startup_stm32f10x_hd.o(.text)
    TAMPER_IRQHandler                        0x08001e8f   Thumb Code     0  startup_stm32f10x_hd.o(.text)
    TIM1_BRK_IRQHandler                      0x08001e8f   Thumb Code     0  startup_stm32f10x_hd.o(.text)
    TIM1_CC_IRQHandler                       0x08001e8f   Thumb Code     0  startup_stm32f10x_hd.o(.text)
    TIM1_TRG_COM_IRQHandler                  0x08001e8f   Thumb Code     0  startup_stm32f10x_hd.o(.text)
    TIM1_UP_IRQHandler                       0x08001e8f   Thumb Code     0  startup_stm32f10x_hd.o(.text)
    TIM2_IRQHandler                          0x08001e8f   Thumb Code     0  startup_stm32f10x_hd.o(.text)
    TIM3_IRQHandler                          0x08001e8f   Thumb Code     0  startup_stm32f10x_hd.o(.text)
    TIM4_IRQHandler                          0x08001e8f   Thumb Code     0  startup_stm32f10x_hd.o(.text)
    TIM5_IRQHandler                          0x08001e8f   Thumb Code     0  startup_stm32f10x_hd.o(.text)
    TIM6_IRQHandler                          0x08001e8f   Thumb Code     0  startup_stm32f10x_hd.o(.text)
    TIM7_IRQHandler                          0x08001e8f   Thumb Code     0  startup_stm32f10x_hd.o(.text)
    TIM8_BRK_IRQHandler                      0x08001e8f   Thumb Code     0  startup_stm32f10x_hd.o(.text)
    TIM8_CC_IRQHandler                       0x08001e8f   Thumb Code     0  startup_stm32f10x_hd.o(.text)
    TIM8_TRG_COM_IRQHandler                  0x08001e8f   Thumb Code     0  startup_stm32f10x_hd.o(.text)
    TIM8_UP_IRQHandler                       0x08001e8f   Thumb Code     0  startup_stm32f10x_hd.o(.text)
    UART4_IRQHandler                         0x08001e8f   Thumb Code     0  startup_stm32f10x_hd.o(.text)
    UART5_IRQHandler                         0x08001e8f   Thumb Code     0  startup_stm32f10x_hd.o(.text)
    USART1_IRQHandler                        0x08001e8f   Thumb Code     0  startup_stm32f10x_hd.o(.text)
    USART2_IRQHandler                        0x08001e8f   Thumb Code     0  startup_stm32f10x_hd.o(.text)
    USART3_IRQHandler                        0x08001e8f   Thumb Code     0  startup_stm32f10x_hd.o(.text)
    USB_HP_CAN1_TX_IRQHandler                0x08001e8f   Thumb Code     0  startup_stm32f10x_hd.o(.text)
    WWDG_IRQHandler                          0x08001e8f   Thumb Code     0  startup_stm32f10x_hd.o(.text)
    __user_initial_stackheap                 0x08001e91   Thumb Code     0  startup_stm32f10x_hd.o(.text)
    vListInitialise                          0x08001eb5   Thumb Code    26  list.o(.text)
    vListInitialiseItem                      0x08001ecf   Thumb Code     6  list.o(.text)
    vListInsertEnd                           0x08001ed5   Thumb Code    24  list.o(.text)
    vListInsert                              0x08001eed   Thumb Code    52  list.o(.text)
    uxListRemove                             0x08001f21   Thumb Code    40  list.o(.text)
    xTaskGenericCreate                       0x08002021   Thumb Code   226  tasks.o(.text)
    vTaskDelete                              0x0800212d   Thumb Code   138  tasks.o(.text)
    xTaskIncrementTick                       0x080021b7   Thumb Code   242  tasks.o(.text)
    xTaskResumeAll                           0x080022a9   Thumb Code   268  tasks.o(.text)
    vTaskSuspendAll                          0x080023f3   Thumb Code    12  tasks.o(.text)
    vTaskDelayUntil                          0x080023ff   Thumb Code   126  tasks.o(.text)
    vTaskDelay                               0x0800247d   Thumb Code    72  tasks.o(.text)
    uxTaskPriorityGet                        0x080024c5   Thumb Code    30  tasks.o(.text)
    uxTaskPriorityGetFromISR                 0x080024e3   Thumb Code    38  tasks.o(.text)
    vTaskPrioritySet                         0x08002509   Thumb Code   204  tasks.o(.text)
    vTaskSwitchContext                       0x080025d5   Thumb Code    76  tasks.o(.text)
    vTaskSuspend                             0x08002621   Thumb Code   150  tasks.o(.text)
    vTaskResume                              0x080026ef   Thumb Code    94  tasks.o(.text)
    xTaskResumeFromISR                       0x0800274d   Thumb Code   172  tasks.o(.text)
    vTaskStartScheduler                      0x08002875   Thumb Code    52  tasks.o(.text)
    vTaskEndScheduler                        0x080028a9   Thumb Code    18  tasks.o(.text)
    xTaskGetTickCount                        0x080028bb   Thumb Code     6  tasks.o(.text)
    xTaskGetTickCountFromISR                 0x080028c1   Thumb Code     8  tasks.o(.text)
    uxTaskGetNumberOfTasks                   0x080028c9   Thumb Code     6  tasks.o(.text)
    vTaskPlaceOnEventList                    0x080028cf   Thumb Code    84  tasks.o(.text)
    vTaskPlaceOnUnorderedEventList           0x08002923   Thumb Code   100  tasks.o(.text)
    xTaskRemoveFromEventList                 0x08002987   Thumb Code   104  tasks.o(.text)
    xTaskRemoveFromUnorderedEventList        0x080029ef   Thumb Code    94  tasks.o(.text)
    vTaskSetTimeOutState                     0x08002a4d   Thumb Code    14  tasks.o(.text)
    xTaskCheckForTimeOut                     0x08002a5b   Thumb Code    84  tasks.o(.text)
    vTaskMissedYield                         0x08002aaf   Thumb Code     8  tasks.o(.text)
    uxTaskResetEventItemValue                0x08002ab7   Thumb Code    24  tasks.o(.text)
    ulTaskNotifyTake                         0x08002acf   Thumb Code   162  tasks.o(.text)
    xTaskNotifyWait                          0x08002b71   Thumb Code   266  tasks.o(.text)
    xTaskNotify                              0x08002c7b   Thumb Code   158  tasks.o(.text)
    xTaskNotifyFromISR                       0x08002d19   Thumb Code   190  tasks.o(.text)
    vTaskNotifyGiveFromISR                   0x08002dd7   Thumb Code   124  tasks.o(.text)
    pxPortInitialiseStack                    0x08002e79   Thumb Code    26  port.o(.text)
    vPortSetupTimerInterrupt                 0x08002e93   Thumb Code    14  port.o(.text)
    xPortStartScheduler                      0x08002ea1   Thumb Code    42  port.o(.text)
    vPortEndScheduler                        0x08002ecb   Thumb Code     2  port.o(.text)
    vPortYield                               0x08002ecd   Thumb Code    20  port.o(.text)
    vPortEnterCritical                       0x08002ee1   Thumb Code    26  port.o(.text)
    vPortExitCritical                        0x08002efb   Thumb Code    26  port.o(.text)
    xPortSysTickHandler                      0x08002f15   Thumb Code    30  port.o(.text)
    pvPortMalloc                             0x08002f6f   Thumb Code   166  heap_2.o(.text)
    vPortFree                                0x08003015   Thumb Code    56  heap_2.o(.text)
    xPortGetFreeHeapSize                     0x0800304d   Thumb Code     6  heap_2.o(.text)
    vPortInitialiseBlocks                    0x08003053   Thumb Code     2  heap_2.o(.text)
    Standard_GetConfiguration                0x08003069   Thumb Code    34  usb_core.o(.text)
    Standard_SetConfiguration                0x0800308b   Thumb Code    60  usb_core.o(.text)
    Standard_GetInterface                    0x080030c7   Thumb Code    34  usb_core.o(.text)
    Standard_SetInterface                    0x080030e9   Thumb Code    96  usb_core.o(.text)
    Standard_GetStatus                       0x08003149   Thumb Code   216  usb_core.o(.text)
    Standard_ClearFeature                    0x08003221   Thumb Code   292  usb_core.o(.text)
    Standard_SetEndPointFeature              0x08003345   Thumb Code   152  usb_core.o(.text)
    Standard_SetDeviceFeature                0x080033dd   Thumb Code    30  usb_core.o(.text)
    Standard_GetDescriptorData               0x080033fb   Thumb Code    32  usb_core.o(.text)
    Post0_Process                            0x0800394b   Thumb Code    54  usb_core.o(.text)
    Setup0_Process                           0x08003981   Thumb Code   162  usb_core.o(.text)
    SetDeviceAddress                         0x08003a23   Thumb Code    60  usb_core.o(.text)
    In0_Process                              0x08003a5f   Thumb Code    98  usb_core.o(.text)
    Out0_Process                             0x08003ac1   Thumb Code    70  usb_core.o(.text)
    NOP_Process                              0x08003b07   Thumb Code     2  usb_core.o(.text)
    USB_Init                                 0x08003b31   Thumb Code    36  usb_init.o(.text)
    CTR_LP                                   0x08003b6d   Thumb Code   752  usb_int.o(.text)
    CTR_HP                                   0x08003e5d   Thumb Code   160  usb_int.o(.text)
    UserToPMABufferCopy                      0x08003f19   Thumb Code    52  usb_mem.o(.text)
    PMAToUserBufferCopy                      0x08003f4d   Thumb Code    34  usb_mem.o(.text)
    SetCNTR                                  0x08003f75   Thumb Code     6  usb_regs.o(.text)
    GetCNTR                                  0x08003f7b   Thumb Code     8  usb_regs.o(.text)
    SetISTR                                  0x08003f83   Thumb Code     8  usb_regs.o(.text)
    GetISTR                                  0x08003f8b   Thumb Code    10  usb_regs.o(.text)
    GetFNR                                   0x08003f95   Thumb Code    10  usb_regs.o(.text)
    SetDADDR                                 0x08003f9f   Thumb Code     8  usb_regs.o(.text)
    GetDADDR                                 0x08003fa7   Thumb Code    10  usb_regs.o(.text)
    SetBTABLE                                0x08003fb1   Thumb Code    14  usb_regs.o(.text)
    GetBTABLE                                0x08003fbf   Thumb Code    10  usb_regs.o(.text)
    SetENDPOINT                              0x08003fc9   Thumb Code    10  usb_regs.o(.text)
    GetENDPOINT                              0x08003fd3   Thumb Code    14  usb_regs.o(.text)
    SetEPType                                0x08003fe1   Thumb Code    26  usb_regs.o(.text)
    GetEPType                                0x08003ffb   Thumb Code    16  usb_regs.o(.text)
    SetEPTxStatus                            0x0800400b   Thumb Code    48  usb_regs.o(.text)
    SetEPRxStatus                            0x0800403b   Thumb Code    48  usb_regs.o(.text)
    SetDouBleBuffEPStall                     0x0800406b   Thumb Code    50  usb_regs.o(.text)
    GetEPTxStatus                            0x0800409d   Thumb Code    16  usb_regs.o(.text)
    GetEPRxStatus                            0x080040ad   Thumb Code    16  usb_regs.o(.text)
    SetEPTxValid                             0x080040bd   Thumb Code    34  usb_regs.o(.text)
    SetEPRxValid                             0x080040df   Thumb Code    34  usb_regs.o(.text)
    SetEP_KIND                               0x08004101   Thumb Code    28  usb_regs.o(.text)
    ClearEP_KIND                             0x0800411d   Thumb Code    24  usb_regs.o(.text)
    Clear_Status_Out                         0x08004135   Thumb Code    24  usb_regs.o(.text)
    Set_Status_Out                           0x0800414d   Thumb Code    28  usb_regs.o(.text)
    SetEPDoubleBuff                          0x08004169   Thumb Code    28  usb_regs.o(.text)
    ClearEPDoubleBuff                        0x08004185   Thumb Code    24  usb_regs.o(.text)
    GetTxStallStatus                         0x0800419d   Thumb Code    26  usb_regs.o(.text)
    GetRxStallStatus                         0x080041b7   Thumb Code    28  usb_regs.o(.text)
    ClearEP_CTR_RX                           0x080041d3   Thumb Code    28  usb_regs.o(.text)
    ClearEP_CTR_TX                           0x080041ef   Thumb Code    24  usb_regs.o(.text)
    ToggleDTOG_RX                            0x08004207   Thumb Code    28  usb_regs.o(.text)
    ToggleDTOG_TX                            0x08004223   Thumb Code    28  usb_regs.o(.text)
    ClearDTOG_RX                             0x0800423f   Thumb Code    42  usb_regs.o(.text)
    ClearDTOG_TX                             0x08004269   Thumb Code    42  usb_regs.o(.text)
    SetEPAddress                             0x08004293   Thumb Code    26  usb_regs.o(.text)
    GetEPAddress                             0x080042ad   Thumb Code    16  usb_regs.o(.text)
    SetEPTxAddr                              0x080042bd   Thumb Code    26  usb_regs.o(.text)
    SetEPRxAddr                              0x080042d7   Thumb Code    28  usb_regs.o(.text)
    GetEPTxAddr                              0x080042f3   Thumb Code    24  usb_regs.o(.text)
    GetEPRxAddr                              0x0800430b   Thumb Code    26  usb_regs.o(.text)
    SetEPTxCount                             0x08004325   Thumb Code    22  usb_regs.o(.text)
    SetEPCountRxReg                          0x0800433b   Thumb Code    56  usb_regs.o(.text)
    SetEPRxCount                             0x08004373   Thumb Code    68  usb_regs.o(.text)
    GetEPTxCount                             0x080043b7   Thumb Code    26  usb_regs.o(.text)
    GetEPRxCount                             0x080043d1   Thumb Code    26  usb_regs.o(.text)
    SetEPDblBuffAddr                         0x080043eb   Thumb Code    44  usb_regs.o(.text)
    SetEPDblBuf0Addr                         0x08004417   Thumb Code    24  usb_regs.o(.text)
    SetEPDblBuf1Addr                         0x0800442f   Thumb Code    26  usb_regs.o(.text)
    GetEPDblBuf0Addr                         0x08004449   Thumb Code    22  usb_regs.o(.text)
    GetEPDblBuf1Addr                         0x0800445f   Thumb Code    24  usb_regs.o(.text)
    SetEPDblBuffCount                        0x08004477   Thumb Code   186  usb_regs.o(.text)
    SetEPDblBuf0Count                        0x08004531   Thumb Code    96  usb_regs.o(.text)
    SetEPDblBuf1Count                        0x08004591   Thumb Code    96  usb_regs.o(.text)
    GetEPDblBuf0Count                        0x080045f1   Thumb Code    26  usb_regs.o(.text)
    GetEPDblBuf1Count                        0x0800460b   Thumb Code    26  usb_regs.o(.text)
    GetEPDblBufDir                           0x08004625   Thumb Code    62  usb_regs.o(.text)
    FreeUserBuffer                           0x08004663   Thumb Code    64  usb_regs.o(.text)
    ToWord                                   0x080046a3   Thumb Code     8  usb_regs.o(.text)
    ByteSwap                                 0x080046ab   Thumb Code    12  usb_regs.o(.text)
    GPIO_AINConfig                           0x080046c1   Thumb Code    94  hw_config.o(.text)
    Set_System                               0x0800471f   Thumb Code   244  hw_config.o(.text)
    Set_USBClock                             0x08004813   Thumb Code    18  hw_config.o(.text)
    Enter_LowPowerMode                       0x08004825   Thumb Code    26  hw_config.o(.text)
    Leave_LowPowerMode                       0x0800483f   Thumb Code    74  hw_config.o(.text)
    USB_Interrupts_Config                    0x08004889   Thumb Code   100  hw_config.o(.text)
    USB_Cable_Config                         0x080048ed   Thumb Code    30  hw_config.o(.text)
    JoyState                                 0x0800490b   Thumb Code    68  hw_config.o(.text)
    Joystick_Send                            0x0800494f   Thumb Code   146  hw_config.o(.text)
    Get_SerialNum                            0x080049e1   Thumb Code    62  hw_config.o(.text)
    USB_Istr                                 0x08004a55   Thumb Code   222  usb_istr.o(.text)
    Joystick_init                            0x08004b4d   Thumb Code    46  usb_prop.o(.text)
    Joystick_Reset                           0x08004b7b   Thumb Code   140  usb_prop.o(.text)
    Joystick_SetConfiguration                0x08004c07   Thumb Code    14  usb_prop.o(.text)
    Joystick_SetDeviceAddress                0x08004c15   Thumb Code     8  usb_prop.o(.text)
    Joystick_Status_In                       0x08004c1d   Thumb Code     2  usb_prop.o(.text)
    Joystick_Status_Out                      0x08004c1f   Thumb Code     2  usb_prop.o(.text)
    Joystick_GetProtocolValue                0x08004c21   Thumb Code    20  usb_prop.o(.text)
    Joystick_GetHIDDescriptor                0x08004c35   Thumb Code    14  usb_prop.o(.text)
    Joystick_GetReportDescriptor             0x08004c43   Thumb Code    14  usb_prop.o(.text)
    Joystick_Data_Setup                      0x08004c51   Thumb Code   114  usb_prop.o(.text)
    Joystick_SetProtocol                     0x08004cc3   Thumb Code    14  usb_prop.o(.text)
    Joystick_NoData_Setup                    0x08004cd1   Thumb Code    32  usb_prop.o(.text)
    Joystick_GetDeviceDescriptor             0x08004cf1   Thumb Code    14  usb_prop.o(.text)
    Joystick_GetConfigDescriptor             0x08004cff   Thumb Code    14  usb_prop.o(.text)
    Joystick_GetStringDescriptor             0x08004d0d   Thumb Code    32  usb_prop.o(.text)
    Joystick_Get_Interface_Setting           0x08004d2d   Thumb Code    22  usb_prop.o(.text)
    PowerOn                                  0x08004d79   Thumb Code    54  usb_pwr.o(.text)
    PowerOff                                 0x08004daf   Thumb Code    28  usb_pwr.o(.text)
    Suspend                                  0x08004dcb   Thumb Code    34  usb_pwr.o(.text)
    Resume_Init                              0x08004ded   Thumb Code    30  usb_pwr.o(.text)
    Resume                                   0x08004e0b   Thumb Code   168  usb_pwr.o(.text)
    __use_no_semihosting                     0x08004ec1   Thumb Code     2  use_no_semi_2.o(.text)
    __2printf                                0x08004ec5   Thumb Code    20  noretval__2printf.o(.text)
    __printf                                 0x08004edd   Thumb Code   104  __printf.o(.text)
    _printf_int_dec                          0x08004f45   Thumb Code   102  _printf_dec.o(.text)
    strlen                                   0x08004fbd   Thumb Code    62  strlen.o(.text)
    __use_two_region_memory                  0x08004ffb   Thumb Code     2  heapauxi.o(.text)
    __rt_heap_escrow$2region                 0x08004ffd   Thumb Code     2  heapauxi.o(.text)
    __rt_heap_expand$2region                 0x08004fff   Thumb Code     2  heapauxi.o(.text)
    __I$use$semihosting                      0x08005001   Thumb Code     0  use_no_semi.o(.text)
    __use_no_semihosting_swi                 0x08005001   Thumb Code     2  use_no_semi.o(.text)
    _printf_int_common                       0x08005003   Thumb Code   184  _printf_intcommon.o(.text)
    _printf_char_file                        0x080050bd   Thumb Code    32  _printf_char_file.o(.text)
    _printf_char_common                      0x080050eb   Thumb Code    32  _printf_char_common.o(.text)
    ferror                                   0x08005111   Thumb Code     8  ferror.o(.text)
    __user_setup_stackheap                   0x08005119   Thumb Code    74  sys_stackheap_outer.o(.text)
    exit                                     0x08005163   Thumb Code    12  exit.o(.text)
    __user_libspace                          0x08005171   Thumb Code     8  libspace.o(.text)
    __user_perproc_libspace                  0x08005171   Thumb Code     0  libspace.o(.text)
    __user_perthread_libspace                0x08005171   Thumb Code     0  libspace.o(.text)
    Joystick_DeviceDescriptor                0x08005178   Data          18  usb_desc.o(.constdata)
    Joystick_ConfigDescriptor                0x0800518a   Data          41  usb_desc.o(.constdata)
    Joystick_ReportDescriptor                0x080051b3   Data          61  usb_desc.o(.constdata)
    Joystick_StringLangID                    0x080051f0   Data           4  usb_desc.o(.constdata)
    Joystick_StringVendor                    0x080051f4   Data          38  usb_desc.o(.constdata)
    Joystick_StringProduct                   0x0800521a   Data          30  usb_desc.o(.constdata)
    Region$$Table$$Base                      0x08005238   Number         0  anon$$obj.o(Region$$Table)
    Region$$Table$$Limit                     0x08005258   Number         0  anon$$obj.o(Region$$Table)
    ADC_MID                                  0x20000000   Data           4  main.o(.data)
    __stdout                                 0x20000004   Data           4  usart.o(.data)
    pxCurrentTCB                             0x20000020   Data           4  tasks.o(.data)
    Data_Mul_MaxPacketSize                   0x20000074   Data           1  usb_core.o(.data)
    StatusInfo                               0x20000076   Data           2  usb_core.o(.data)
    EPindex                                  0x20000078   Data           1  usb_init.o(.data)
    pInformation                             0x2000007c   Data           4  usb_init.o(.data)
    pProperty                                0x20000080   Data           4  usb_init.o(.data)
    SaveState                                0x20000084   Data           2  usb_init.o(.data)
    wInterrupt_Mask                          0x20000086   Data           2  usb_init.o(.data)
    pUser_Standard_Requests                  0x20000088   Data           4  usb_init.o(.data)
    SaveRState                               0x2000008c   Data           2  usb_int.o(.data)
    SaveTState                               0x2000008e   Data           2  usb_int.o(.data)
    HSEStartUpStatus                         0x20000090   Data           1  hw_config.o(.data)
    EXTI_InitStructure                       0x20000094   Data           8  hw_config.o(.data)
    Joystick_StringSerial                    0x2000009c   Data          26  usb_desc.o(.data)
    bIntPackSOF                              0x200000b8   Data           1  usb_istr.o(.data)
    pEpInt_IN                                0x200000bc   Data          28  usb_istr.o(.data)
    pEpInt_OUT                               0x200000d8   Data          28  usb_istr.o(.data)
    wIstr                                    0x200000f4   Data           2  usb_istr.o(.data)
    Device_Table                             0x200000f8   Data           2  usb_prop.o(.data)
    Device_Property                          0x200000fc   Data          48  usb_prop.o(.data)
    User_Standard_Requests                   0x2000012c   Data          36  usb_prop.o(.data)
    Device_Descriptor                        0x20000150   Data           8  usb_prop.o(.data)
    Config_Descriptor                        0x20000158   Data           8  usb_prop.o(.data)
    Joystick_Report_Descriptor               0x20000160   Data           8  usb_prop.o(.data)
    Mouse_Hid_Descriptor                     0x20000168   Data           8  usb_prop.o(.data)
    String_Descriptor                        0x20000170   Data          32  usb_prop.o(.data)
    ProtocolValue                            0x20000190   Data           4  usb_prop.o(.data)
    bDeviceState                             0x20000194   Data           4  usb_pwr.o(.data)
    fSuspendEnabled                          0x20000198   Data           1  usb_pwr.o(.data)
    ResumeS                                  0x20000199   Data           2  usb_pwr.o(.data)
    ADCConvertedValue                        0x2000019c   Data          12  app.o(.bss)
    Device_Info                              0x20004670   Data          28  usb_init.o(.bss)
    __libspace_start                         0x2000468c   Data          96  libspace.o(.bss)
    __temporary_stack_top$libspace           0x200046ec   Data           0  libspace.o(.bss)



==============================================================================

Memory Map of the image

  Image Entry point : 0x08000131

  Load Region LR_IROM1 (Base: 0x08000000, Size: 0x000053f4, Max: 0x00010000, ABSOLUTE, COMPRESSED[0x000052ec])

    Execution Region ER_IROM1 (Base: 0x08000000, Size: 0x00005258, Max: 0x00010000, ABSOLUTE)

    Base Addr    Size         Type   Attr      Idx    E Section Name        Object

    0x08000000   0x00000130   Data   RO          361    RESET               startup_stm32f10x_hd.o
    0x08000130   0x00000008   Code   RO          683  * !!!main             c_w.l(__main.o)
    0x08000138   0x00000034   Code   RO          852    !!!scatter          c_w.l(__scatter.o)
    0x0800016c   0x0000005a   Code   RO          850    !!dczerorl2         c_w.l(__dczerorl2.o)
    0x080001c6   0x00000002   PAD
    0x080001c8   0x0000001c   Code   RO          854    !!handler_zi        c_w.l(__scatter_zi.o)
    0x080001e4   0x00000000   Code   RO          676    .ARM.Collect$$_printf_percent$$00000000  c_w.l(_printf_percent.o)
    0x080001e4   0x00000006   Code   RO          675    .ARM.Collect$$_printf_percent$$00000009  c_w.l(_printf_d.o)
    0x080001ea   0x00000004   Code   RO          692    .ARM.Collect$$_printf_percent$$00000017  c_w.l(_printf_percent_end.o)
    0x080001ee   0x00000002   Code   RO          727    .ARM.Collect$$libinit$$00000000  c_w.l(libinit.o)
    0x080001f0   0x00000000   Code   RO          734    .ARM.Collect$$libinit$$00000002  c_w.l(libinit2.o)
    0x080001f0   0x00000000   Code   RO          737    .ARM.Collect$$libinit$$00000008  c_w.l(libinit2.o)
    0x080001f0   0x00000000   Code   RO          739    .ARM.Collect$$libinit$$0000000A  c_w.l(libinit2.o)
    0x080001f0   0x00000000   Code   RO          741    .ARM.Collect$$libinit$$0000000C  c_w.l(libinit2.o)
    0x080001f0   0x00000000   Code   RO          744    .ARM.Collect$$libinit$$0000000F  c_w.l(libinit2.o)
    0x080001f0   0x00000000   Code   RO          746    .ARM.Collect$$libinit$$00000011  c_w.l(libinit2.o)
    0x080001f0   0x00000000   Code   RO          748    .ARM.Collect$$libinit$$00000013  c_w.l(libinit2.o)
    0x080001f0   0x00000000   Code   RO          750    .ARM.Collect$$libinit$$00000015  c_w.l(libinit2.o)
    0x080001f0   0x00000000   Code   RO          752    .ARM.Collect$$libinit$$00000017  c_w.l(libinit2.o)
    0x080001f0   0x00000000   Code   RO          754    .ARM.Collect$$libinit$$00000019  c_w.l(libinit2.o)
    0x080001f0   0x00000000   Code   RO          756    .ARM.Collect$$libinit$$0000001B  c_w.l(libinit2.o)
    0x080001f0   0x00000000   Code   RO          758    .ARM.Collect$$libinit$$0000001D  c_w.l(libinit2.o)
    0x080001f0   0x00000000   Code   RO          760    .ARM.Collect$$libinit$$0000001F  c_w.l(libinit2.o)
    0x080001f0   0x00000000   Code   RO          762    .ARM.Collect$$libinit$$00000021  c_w.l(libinit2.o)
    0x080001f0   0x00000000   Code   RO          764    .ARM.Collect$$libinit$$00000023  c_w.l(libinit2.o)
    0x080001f0   0x00000000   Code   RO          768    .ARM.Collect$$libinit$$0000002A  c_w.l(libinit2.o)
    0x080001f0   0x00000000   Code   RO          770    .ARM.Collect$$libinit$$0000002C  c_w.l(libinit2.o)
    0x080001f0   0x00000000   Code   RO          772    .ARM.Collect$$libinit$$0000002E  c_w.l(libinit2.o)
    0x080001f0   0x00000000   Code   RO          774    .ARM.Collect$$libinit$$00000030  c_w.l(libinit2.o)
    0x080001f0   0x00000002   Code   RO          775    .ARM.Collect$$libinit$$00000031  c_w.l(libinit2.o)
    0x080001f2   0x00000002   Code   RO          793    .ARM.Collect$$libshutdown$$00000000  c_w.l(libshutdown.o)
    0x080001f4   0x00000000   Code   RO          804    .ARM.Collect$$libshutdown$$00000003  c_w.l(libshutdown2.o)
    0x080001f4   0x00000000   Code   RO          807    .ARM.Collect$$libshutdown$$00000006  c_w.l(libshutdown2.o)
    0x080001f4   0x00000000   Code   RO          810    .ARM.Collect$$libshutdown$$00000009  c_w.l(libshutdown2.o)
    0x080001f4   0x00000000   Code   RO          812    .ARM.Collect$$libshutdown$$0000000B  c_w.l(libshutdown2.o)
    0x080001f4   0x00000000   Code   RO          815    .ARM.Collect$$libshutdown$$0000000E  c_w.l(libshutdown2.o)
    0x080001f4   0x00000002   Code   RO          816    .ARM.Collect$$libshutdown$$0000000F  c_w.l(libshutdown2.o)
    0x080001f6   0x00000000   Code   RO          687    .ARM.Collect$$rtentry$$00000000  c_w.l(rtentry.o)
    0x080001f6   0x00000000   Code   RO          696    .ARM.Collect$$rtentry$$00000002  c_w.l(rtentry2.o)
    0x080001f6   0x00000006   Code   RO          708    .ARM.Collect$$rtentry$$00000004  c_w.l(rtentry4.o)
    0x080001fc   0x00000000   Code   RO          698    .ARM.Collect$$rtentry$$00000009  c_w.l(rtentry2.o)
    0x080001fc   0x00000004   Code   RO          699    .ARM.Collect$$rtentry$$0000000A  c_w.l(rtentry2.o)
    0x08000200   0x00000000   Code   RO          701    .ARM.Collect$$rtentry$$0000000C  c_w.l(rtentry2.o)
    0x08000200   0x00000008   Code   RO          702    .ARM.Collect$$rtentry$$0000000D  c_w.l(rtentry2.o)
    0x08000208   0x00000002   Code   RO          731    .ARM.Collect$$rtexit$$00000000  c_w.l(rtexit.o)
    0x0800020a   0x00000000   Code   RO          777    .ARM.Collect$$rtexit$$00000002  c_w.l(rtexit2.o)
    0x0800020a   0x00000004   Code   RO          778    .ARM.Collect$$rtexit$$00000003  c_w.l(rtexit2.o)
    0x0800020e   0x00000006   Code   RO          779    .ARM.Collect$$rtexit$$00000004  c_w.l(rtexit2.o)
    0x08000214   0x000000a2   Code   RO          424    .emb_text           port.o
    0x080002b6   0x00000002   PAD
    0x080002b8   0x0000028c   Code   RO            1    .text               main.o
    0x08000544   0x0000006c   Code   RO          139    .text               stm32f10x_it.o
    0x080005b0   0x000001e0   Code   RO          163    .text               usart.o
    0x08000790   0x00000190   Code   RO          185    .text               app.o
    0x08000920   0x000000ac   Code   RO          203    .text               delay.o
    0x080009cc   0x0000032c   Code   RO          217    .text               stm32f10x_gpio.o
    0x08000cf8   0x000003a0   Code   RO          229    .text               stm32f10x_rcc.o
    0x08001098   0x000000dc   Code   RO          243    .text               misc.o
    0x08001174   0x00000124   Code   RO          267    .text               stm32f10x_exti.o
    0x08001298   0x000000c0   Code   RO          279    .text               stm32f10x_pwr.o
    0x08001358   0x00000430   Code   RO          294    .text               stm32f10x_adc.o
    0x08001788   0x0000023c   Code   RO          306    .text               stm32f10x_dma.o
    0x080019c4   0x00000370   Code   RO          318    .text               stm32f10x_usart.o
    0x08001d34   0x00000138   Code   RO          341    .text               system_stm32f10x.o
    0x08001e6c   0x00000048   Code   RO          362    .text               startup_stm32f10x_hd.o
    0x08001eb4   0x00000094   Code   RO          366    .text               list.o
    0x08001f48   0x00000f28   Code   RO          402    .text               tasks.o
    0x08002e70   0x000000d4   Code   RO          425    .text               port.o
    0x08002f44   0x00000124   Code   RO          448    .text               heap_2.o
    0x08003068   0x00000ac8   Code   RO          463    .text               usb_core.o
    0x08003b30   0x0000003c   Code   RO          478    .text               usb_init.o
    0x08003b6c   0x000003ac   Code   RO          501    .text               usb_int.o
    0x08003f18   0x0000005c   Code   RO          525    .text               usb_mem.o
    0x08003f74   0x0000074c   Code   RO          537    .text               usb_regs.o
    0x080046c0   0x00000394   Code   RO          549    .text               hw_config.o
    0x08004a54   0x000000f8   Code   RO          581    .text               usb_istr.o
    0x08004b4c   0x0000022c   Code   RO          602    .text               usb_prop.o
    0x08004d78   0x00000148   Code   RO          625    .text               usb_pwr.o
    0x08004ec0   0x00000002   Code   RO          645    .text               c_w.l(use_no_semi_2.o)
    0x08004ec2   0x00000002   PAD
    0x08004ec4   0x00000018   Code   RO          649    .text               c_w.l(noretval__2printf.o)
    0x08004edc   0x00000068   Code   RO          651    .text               c_w.l(__printf.o)
    0x08004f44   0x00000078   Code   RO          653    .text               c_w.l(_printf_dec.o)
    0x08004fbc   0x0000003e   Code   RO          677    .text               c_w.l(strlen.o)
    0x08004ffa   0x00000006   Code   RO          681    .text               c_w.l(heapauxi.o)
    0x08005000   0x00000002   Code   RO          685    .text               c_w.l(use_no_semi.o)
    0x08005002   0x000000b8   Code   RO          688    .text               c_w.l(_printf_intcommon.o)
    0x080050ba   0x00000002   PAD
    0x080050bc   0x00000024   Code   RO          690    .text               c_w.l(_printf_char_file.o)
    0x080050e0   0x00000030   Code   RO          710    .text               c_w.l(_printf_char_common.o)
    0x08005110   0x00000008   Code   RO          712    .text               c_w.l(ferror.o)
    0x08005118   0x0000004a   Code   RO          716    .text               c_w.l(sys_stackheap_outer.o)
    0x08005162   0x0000000c   Code   RO          720    .text               c_w.l(exit.o)
    0x0800516e   0x00000002   PAD
    0x08005170   0x00000008   Code   RO          728    .text               c_w.l(libspace.o)
    0x08005178   0x000000c0   Data   RO          568    .constdata          usb_desc.o
    0x08005238   0x00000020   Data   RO          848    Region$$Table       anon$$obj.o


    Execution Region RW_IRAM1 (Base: 0x20000000, Size: 0x000048f0, Max: 0x00005000, ABSOLUTE, COMPRESSED[0x00000094])

    Base Addr    Size         Type   Attr      Idx    E Section Name        Object

    0x20000000   0x00000004   Data   RW            2    .data               main.o
    0x20000004   0x00000004   Data   RW          164    .data               usart.o
    0x20000008   0x00000004   Data   RW          204    .data               delay.o
    0x2000000c   0x00000014   Data   RW          230    .data               stm32f10x_rcc.o
    0x20000020   0x00000038   Data   RW          404    .data               tasks.o
    0x20000058   0x00000004   Data   RW          426    .data               port.o
    0x2000005c   0x00000018   Data   RW          450    .data               heap_2.o
    0x20000074   0x00000004   Data   RW          464    .data               usb_core.o
    0x20000078   0x00000014   Data   RW          480    .data               usb_init.o
    0x2000008c   0x00000004   Data   RW          502    .data               usb_int.o
    0x20000090   0x0000000c   Data   RW          550    .data               hw_config.o
    0x2000009c   0x0000001a   Data   RW          569    .data               usb_desc.o
    0x200000b6   0x00000002   PAD
    0x200000b8   0x0000003e   Data   RW          582    .data               usb_istr.o
    0x200000f6   0x00000002   PAD
    0x200000f8   0x0000009c   Data   RW          603    .data               usb_prop.o
    0x20000194   0x00000007   Data   RW          626    .data               usb_pwr.o
    0x2000019b   0x00000001   PAD
    0x2000019c   0x0000000c   Zero   RW          186    .bss                app.o
    0x200001a8   0x000000c8   Zero   RW          403    .bss                tasks.o
    0x20000270   0x00004400   Zero   RW          449    .bss                heap_2.o
    0x20004670   0x0000001c   Zero   RW          479    .bss                usb_init.o
    0x2000468c   0x00000060   Zero   RW          729    .bss                c_w.l(libspace.o)
    0x200046ec   0x00000004   PAD
    0x200046f0   0x00000000   Zero   RW          360    HEAP                startup_stm32f10x_hd.o
    0x200046f0   0x00000200   Zero   RW          359    STACK               startup_stm32f10x_hd.o


==============================================================================

Image component sizes


      Code (inc. data)   RO Data    RW Data    ZI Data      Debug   Object Name

       400         16          0          0         12       1431   app.o
         0          0          0          0          0         32   core_cm3.o
       172          8          0          4          0        911   delay.o
       292         20          0         24      17408       3044   heap_2.o
       916         54          0         12          0       3325   hw_config.o
       148          0          0          0          0       3066   list.o
       652         96          0          4          0     259151   main.o
       220         20          0          0          0       1813   misc.o
       374         30          0          4          0       4287   port.o
        72         26        304          0        512        860   startup_stm32f10x_hd.o
      1072         20          0          0          0      10749   stm32f10x_adc.o
       572         16          0          0          0       3531   stm32f10x_dma.o
       292         10          0          0          0       2199   stm32f10x_exti.o
       812         18          0          0          0       5179   stm32f10x_gpio.o
       108          4          0          0          0       3918   stm32f10x_it.o
       192         16          0          0          0       1927   stm32f10x_pwr.o
       928         44          0         20          0       8800   stm32f10x_rcc.o
       880         12          0          0          0       7795   stm32f10x_usart.o
       312         18          0          0          0       1185   system_stm32f10x.o
      3880        242          0         56        200      16196   tasks.o
       480         12          0          4          0      11042   usart.o
      2760        104          0          4          0       7995   usb_core.o
         0          0        192         26          0        965   usb_desc.o
        60         24          0         20         28       4026   usb_init.o
       940         28          0          4          0       1792   usb_int.o
       248         26          0         62          0       1188   usb_istr.o
        92          6          0          0          0       1382   usb_mem.o
       556         54          0        156          0       7362   usb_prop.o
       328         22          0          7          0       2405   usb_pwr.o
      1868         18          0          0          0      11549   usb_regs.o

    ----------------------------------------------------------------------
     19628        964        528        412      18160     389105   Object Totals
         0          0         32          0          0          0   (incl. Generated)
         2          0          0          5          0          0   (incl. Padding)

    ----------------------------------------------------------------------

      Code (inc. data)   RO Data    RW Data    ZI Data      Debug   Library Member Name

        90          0          0          0          0          0   __dczerorl2.o
         8          0          0          0          0         68   __main.o
       104          0          0          0          0         84   __printf.o
        52          8          0          0          0          0   __scatter.o
        28          0          0          0          0          0   __scatter_zi.o
        48          6          0          0          0         96   _printf_char_common.o
        36          4          0          0          0         80   _printf_char_file.o
         6          0          0          0          0          0   _printf_d.o
       120         18          0          0          0         92   _printf_dec.o
       184          0          0          0          0         88   _printf_intcommon.o
         0          0          0          0          0          0   _printf_percent.o
         4          0          0          0          0          0   _printf_percent_end.o
        12          0          0          0          0         72   exit.o
         8          0          0          0          0         68   ferror.o
         6          0          0          0          0        152   heapauxi.o
         2          0          0          0          0          0   libinit.o
         2          0          0          0          0          0   libinit2.o
         2          0          0          0          0          0   libshutdown.o
         2          0          0          0          0          0   libshutdown2.o
         8          4          0          0         96         68   libspace.o
        24          4          0          0          0         84   noretval__2printf.o
         0          0          0          0          0          0   rtentry.o
        12          0          0          0          0          0   rtentry2.o
         6          0          0          0          0          0   rtentry4.o
         2          0          0          0          0          0   rtexit.o
        10          0          0          0          0          0   rtexit2.o
        62          0          0          0          0         76   strlen.o
        74          0          0          0          0         80   sys_stackheap_outer.o
         2          0          0          0          0         68   use_no_semi.o
         2          0          0          0          0         68   use_no_semi_2.o

    ----------------------------------------------------------------------
       924         44          0          0        100       1244   Library Totals
         8          0          0          0          4          0   (incl. Padding)

    ----------------------------------------------------------------------

      Code (inc. data)   RO Data    RW Data    ZI Data      Debug   Library Name

       916         44          0          0         96       1244   c_w.l

    ----------------------------------------------------------------------
       924         44          0          0        100       1244   Library Totals

    ----------------------------------------------------------------------

==============================================================================


      Code (inc. data)   RO Data    RW Data    ZI Data      Debug   

     20552       1008        528        412      18260     386501   Grand Totals
     20552       1008        528        148      18260     386501   ELF Image Totals (compressed)
     20552       1008        528        148          0          0   ROM Totals

==============================================================================

    Total RO  Size (Code + RO Data)                21080 (  20.59kB)
    Total RW  Size (RW Data + ZI Data)             18672 (  18.23kB)
    Total ROM Size (Code + RO Data + RW Data)      21228 (  20.73kB)

==============================================================================

